 sauerbraten

 Timestamp is 4ce7225c (Fri Nov 19 20:20:28 2010)

 Preferred load address is 00400000

 Start         Length     Name                   Class
 0001:00000000 00047cf3H .text                   CODE
 0001:00047cf3 00001587H .text$x                 CODE
 0001:0004927a 00002de4H .text$yc                CODE
 0001:0004c05e 00000882H .text$yd                CODE
 0002:00000000 000004d0H .idata$5                DATA
 0002:000004d0 00000004H .CRT$XCA                DATA
 0002:000004d4 00000004H .CRT$XCAA               DATA
 0002:000004d8 00000588H .CRT$XCU                DATA
 0002:00000a60 00000004H .CRT$XCZ                DATA
 0002:00000a64 00000004H .CRT$XIA                DATA
 0002:00000a68 00000004H .CRT$XIAA               DATA
 0002:00000a6c 00000004H .CRT$XIC                DATA
 0002:00000a70 00000004H .CRT$XIZ                DATA
 0002:00000a80 000061a0H .rdata                  DATA
 0002:00006c20 00000041H .rdata$debug            DATA
 0002:00006c64 00001af0H .rdata$r                DATA
 0002:00008754 00000004H .rtc$IAA                DATA
 0002:00008758 00000004H .rtc$IZZ                DATA
 0002:0000875c 00000004H .rtc$TAA                DATA
 0002:00008760 00000004H .rtc$TZZ                DATA
 0002:00008768 0000220cH .xdata$x                DATA
 0002:0000a974 000000f0H .idata$2                DATA
 0002:0000aa64 00000014H .idata$3                DATA
 0002:0000aa78 000004d0H .idata$4                DATA
 0002:0000af48 000010acH .idata$6                DATA
 0002:0000bff4 00000000H .edata                  DATA
 0003:00000000 00042ad0H .data                   DATA
 0003:00042ad0 0015b784H .bss                    DATA
 0004:00000000 00000010H .rsrc$01                DATA
 0004:00000010 00000000H .rsrc$02                DATA

  Address         Publics by Value              Rva+Base       Lib:Object

 0000:00000000       ___safe_se_handler_table   00000000     <absolute>
 0000:00000000       ___safe_se_handler_count   00000000     <absolute>
 0000:00000000       __except_list              00000000     <absolute>
 0000:00009876       __ldused                   00009876     <absolute>
 0000:00009876       __fltused                  00009876     <absolute>
 0000:00000000       ___ImageBase               00400000     <linker-defined>
 0001:00000000       ?formatstring@@YAXPADPBD0@Z 00401000 f i cubeloader.obj
 0001:0000001f       ??Rs_sprintf_f@@QAAXPBDZZ  0040101f f i cubeloader.obj
 0001:00000038       ??_H@YGXPAXIHP6EPAX0@Z@Z   00401038 f i cubeloader.obj
 0001:00000051       ?create_ent@cubeloader@@QAEXAAUc_persistent_entity@1@@Z 00401051 f i cubeloader.obj
 0001:00000178       ?getcube@cubeloader@@QAEAAUcube@@HHH@Z 00401178 f i cubeloader.obj
 0001:000001bb       ?neighbours@cubeloader@@QAEHAAUc_sqr@1@@Z 004011bb f i cubeloader.obj
 0001:000001f2       ?preprocess_cubes@cubeloader@@QAEXXZ 004011f2 f i cubeloader.obj
 0001:00000271       ?getfloorceil@cubeloader@@QAEHAAUc_sqr@1@AAH1@Z 00401271 f i cubeloader.obj
 0001:000002d2       ?boundingbox@cubeloader@@QAEXXZ 004012d2 f i cubeloader.obj
 0001:0000037a       ?hf@cubeloader@@QAEXHHHHHH@Z 0040137a f i cubeloader.obj
 0001:000003ff       ?cornersolid@cubeloader@@QAE_NHPAUc_sqr@1@@Z 004013ff f i cubeloader.obj
 0001:0000041d       ?create_cubes@cubeloader@@QAEXXZ 0040141d f i cubeloader.obj
 0001:0000079a       ?load_cube_world@cubeloader@@QAEXPAD@Z 0040179a f i cubeloader.obj
 0001:00000bd2       ?importcube@@YAXPAD@Z      00401bd2 f   cubeloader.obj
 0001:00000bfe       ??8vec@@QBE_NABU0@@Z       00401bfe f i lightmap.obj
 0001:00000c30       ?iszero@vec@@QBE_NXZ       00401c30 f i lightmap.obj
 0001:00000c58       ?squaredlen@vec@@QBEMXZ    00401c58 f i lightmap.obj
 0001:00000c7e       ?dot@vec@@QBEMABU1@@Z      00401c7e f i lightmap.obj
 0001:00000c9e       ?mul@vec@@QAEAAU1@M@Z      00401c9e f i lightmap.obj
 0001:00000cbd       ?div@vec@@QAEAAU1@M@Z      00401cbd f i lightmap.obj
 0001:00000cdc       ?normalize@vec@@QAEAAU1@XZ 00401cdc f i lightmap.obj
 0001:00000cf9       ?cross@vec@@QAEAAU1@ABU1@0@Z 00401cf9 f i lightmap.obj
 0001:00000d28       ?orthonormalize@matrix@@QAEXXZ 00401d28 f i lightmap.obj
 0001:00000e17       ??0plane@@QAE@XZ           00401e17 f i lightmap.obj
 0001:00000e17       ??0bvec@@QAE@XZ            00401e17 f i normal.obj
 0001:00000e1a       ??0ivec@@QAE@HHHHH@Z       00401e1a f i lightmap.obj
 0001:00000e50       ??0bvec@@QAE@ABUvec@@@Z    00401e50 f i lightmap.obj
 0001:00000e94       ?tovec@vvec@@QBE?AUvec@@XZ 00401e94 f i lightmap.obj
 0001:00000ef2       ?tovec@vvec@@QBE?AUvec@@HHH@Z 00401ef2 f i lightmap.obj
 0001:00000f39       ??0PackNode@@QAE@GGGG@Z    00401f39 f i lightmap.obj
 0001:00000f72       ?clear@PackNode@@QAEXXZ    00401f72 f i lightmap.obj
 0001:00000fa9       ??1PackNode@@QAE@XZ        00401fa9 f i lightmap.obj
 0001:00000fae       ??0LightMap@@QAE@XZ        00401fae f i lightmap.obj
 0001:00001031       ?boundbox@model@@QAEXHAAUvec@@0@Z 00402031 f i lightmap.obj
 0001:0000106b       ?above@model@@QAEMH@Z      0040206b f i lightmap.obj
 0001:00001091       ?var_lightprecision@@YAXXZ 00402091 f   lightmap.obj
 0001:0000109c       ?var_lighterror@@YAXXZ     0040209c f   lightmap.obj
 0001:000010a7       ?var_bumperror@@YAXXZ      004020a7 f   lightmap.obj
 0001:000010b2       ?var_lightlod@@YAXXZ       004020b2 f   lightmap.obj
 0001:000010bd       ?var_worldlod@@YAXXZ       004020bd f   lightmap.obj
 0001:000010c8       ?var_ambient@@YAXXZ        004020c8 f   lightmap.obj
 0001:000010d3       ?check_calclight_canceled@@YAXXZ 004020d3 f   lightmap.obj
 0001:00001110       ?show_calclight_progress@@YAXXZ 00402110 f   lightmap.obj
 0001:000011fa       ?insert@PackNode@@QAE_NAAG0GG@Z 004021fa f   lightmap.obj
 0001:000013e7       ?insert@LightMap@@QAE_NAAG0PAEGG@Z 004023e7 f   lightmap.obj
 0001:0000146f       ?insert_unlit@@YAXH@Z      0040246f f   lightmap.obj
 0001:0000151b       ?insert_lightmap@@YAXHAAG00@Z 0040251b f   lightmap.obj
 0001:00001767       ?pack_lightmap@@YAXHAAUsurfaceinfo@@@Z 00402767 f   lightmap.obj
 0001:0000182e       ?generate_lumel@@YAXMABU?$vector@PBUentity@@@@ABUvec@@1AAU2@HH@Z 0040282e f   lightmap.obj
 0001:00001c0e       ?lumel_sample@@YA_NABUvec@@HH@Z 00402c0e f   lightmap.obj
 0001:00001dd9       ?generate_lightmap@@YA_NMIIABUvec@@PBUlerpvert@@H00@Z 00402dd9 f   lightmap.obj
 0001:00002b63       ?clear_lmids@@YAXPAUcube@@@Z 00403b63 f   lightmap.obj
 0001:00002ba2       ??0lightcacheentry@@QAE@XZ 00403ba2 f i lightmap.obj
 0001:00002bd0       ??1lightcacheentry@@QAE@XZ 00403bd0 f i lightmap.obj
 0001:00002bf6       ?var_lightcachesize@@YAXXZ 00403bf6 f   lightmap.obj
 0001:00002bfe       ?clearlightcache@@YAXH@Z   00403bfe f   lightmap.obj
 0001:00002d65       ?checklightcache@@YAABU?$vector@H@@HH@Z 00403d65 f   lightmap.obj
 0001:00002fe7       ?find_lights@@YA_NHHHHQAUplane@@H@Z 00403fe7 f   lightmap.obj
 0001:000030cc       ?setup_surface@@YA_NQAUplane@@PBUvec@@11QAE@Z 004040cc f   lightmap.obj
 0001:00003d64       ?setup_surfaces@@YAXAAUcube@@HHHH_N@Z 00404d64 f   lightmap.obj
 0001:000042a7       ?generate_lightmaps@@YAXPAUcube@@HHHH@Z 004052a7 f   lightmap.obj
 0001:00004369       ?resetlightmaps@@YAXXZ     00405369 f   lightmap.obj
 0001:000043c2       ?calclight@@YAXPAH@Z       004053c2 f   lightmap.obj
 0001:000045f7       ?patchlight@@YAXXZ         004055f7 f   lightmap.obj
 0001:0000477c       ?var_fullbright@@YAXXZ     0040577c f   lightmap.obj
 0001:000047a2       ?alloctexids@@YAXXZ        004057a2 f   lightmap.obj
 0001:00004841       ?clearlights@@YAXXZ        00405841 f   lightmap.obj
 0001:00004936       ?lightent@@YAXAAUextentity@@M@Z 00405936 f   lightmap.obj
 0001:000049a9       ?convert_lightmap@@YAXAAULightMap@@0@Z 004059a9 f   lightmap.obj
 0001:00004a6c       ?var_convertlms@@YAXXZ     00405a6c f   lightmap.obj
 0001:00004bb4       ?initlights@@YAXXZ         00405bb4 f   lightmap.obj
 0001:00004db4       ?lightreaching@@YAXABUvec@@AAU1@1PAUextentity@@M@Z 00405db4 f   lightmap.obj
 0001:0000514b       ?brightestlight@@YAPAUentity@@ABUvec@@0@Z 0040614b f   lightmap.obj
 0001:00005302       ?brightencube@@YAXAAUcube@@@Z 00406302 f   lightmap.obj
 0001:00005334       ?newsurfaces@@YAXAAUcube@@@Z 00406334 f   lightmap.obj
 0001:00005374       ?freesurfaces@@YAXAAUcube@@@Z 00406374 f   lightmap.obj
 0001:00005399       ?dumplms@@YAXXZ            00406399 f   lightmap.obj
 0001:000054a6       ??0?$vector@H@@QAE@XZ      004064a6 f i lightmap.obj
 0001:000054a6       ??0?$vector@PAUoctaentities@@@@QAE@XZ 004064a6 f i octarender.obj
 0001:000054a6       ??0?$vector@PAD@@QAE@XZ    004064a6 f i command.obj
 0001:000054be       ?add@?$vector@PAUmesh@vertmodel@@@@QAEAAPAUmesh@vertmodel@@ABQAU23@@Z 004064be f i rendermodel.obj
 0001:000054be       ?add@?$vector@H@@QAEAAHABH@Z 004064be f i lightmap.obj
 0001:000054be       ?add@?$vector@PAUrpgobj@rpgclient@@@@QAEAAPAUrpgobj@rpgclient@@ABQAU23@@Z 004064be f i rpg.obj
 0001:000054be       ?add@?$vector@PAD@@QAEAAPADABQAD@Z 004064be f i command.obj
 0001:000054be       ?add@?$vector@PAUphysent@@@@QAEAAPAUphysent@@ABQAU2@@Z 004064be f i physics.obj
 0001:000054be       ?add@?$vector@PAUpart@vertmodel@@@@QAEAAPAUpart@vertmodel@@ABQAU23@@Z 004064be f i rendermodel.obj
 0001:000054be       ?add@?$vector@PAUclientinfo@fpsserver@@@@QAEAAPAUclientinfo@fpsserver@@ABQAU23@@Z 004064be f i fps.obj
 0001:000054be       ?add@?$vector@PBUentity@@@@QAEAAPBUentity@@ABQBU2@@Z 004064be f i lightmap.obj
 0001:000054be       ?add@?$vector@PAUoctaentities@@@@QAEAAPAUoctaentities@@ABQAU2@@Z 004064be f i octarender.obj
 0001:000054be       ?add@?$vector@PAUmonster@monsterset@fpsclient@@@@QAEAAPAUmonster@monsterset@fpsclient@@ABQAU234@@Z 004064be f i fps.obj
 0001:000054be       ?add@?$vector@PAUmaterialsurface@@@@QAEAAPAUmaterialsurface@@ABQAU2@@Z 004064be f i water.obj
 0001:000054be       ?add@?$vector@PAUextentity@@@@QAEAAPAUextentity@@ABQAU2@@Z 004064be f i cubeloader.obj
 0001:000054be       ?add@?$vector@PAUfpsent@@@@QAEAAPAUfpsent@@ABQAU2@@Z 004064be f i fps.obj
 0001:000054be       ?add@?$vector@PAUvtxarray@@@@QAEAAPAUvtxarray@@ABQAU2@@Z 004064be f i octarender.obj
 0001:000054f2       ?add@?$vector@ULightMap@@@@QAEAAULightMap@@XZ 004064f2 f i lightmap.obj
 0001:00005555       ?setsize@?$vector@ULightMap@@@@QAEXH@Z 00406555 f i lightmap.obj
 0001:0000559b       ?clear@?$hashtable@Ucompresskey@@Ucompressval@@@@QAEXXZ 0040659b f i lightmap.obj
 0001:000055ea       ?vrealloc@?$vector@ULightMap@@@@QAEXXZ 004065ea f i lightmap.obj
 0001:0000563d       ?find@?$hashtable@Ucompresskey@@Ucompressval@@@@QAEPAUchain@1@ABUcompresskey@@_N@Z 0040663d f i lightmap.obj
 0001:000056e0       ?insert@?$hashtable@Ucompresskey@@Ucompressval@@@@QAEPAUchain@1@ABUcompresskey@@I@Z 004066e0 f i lightmap.obj
 0001:00005767       ?ceil@@YAMM@Z              00406767 f i lightmap.obj
 0001:00005782       _sqrtf                     00406782 f i lightmap.obj
 0001:0000579c       _cosf                      0040679c f i normal.obj
 0001:000057b6       ??9vec@@QBE_NABU0@@Z       004067b6 f i normal.obj
 0001:000057e8       ??8ivec@@QBE_NABU0@@Z      004067e8 f i normal.obj
 0001:00005805       ??0nvec@@QAE@ABUvec@@@Z    00406805 f i normal.obj
 0001:0000584a       ?tovec@nvec@@QBE?AUvec@@XZ 0040684a f i normal.obj
 0001:00005891       ??0nkey@@QAE@ABUivec@@ABUvvec@@@Z 00406891 f i normal.obj
 0001:000058d2       ?var_lerpangle@@YAXXZ      004068d2 f   normal.obj
 0001:000058dd       ?addnormal@@YAXABUivec@@HABUvvec@@ABUvec@@@Z 004068dd f   normal.obj
 0001:00005a35       ?findnormal@@YA_NABUivec@@HABUvvec@@AAUvec@@H@Z 00406a35 f   normal.obj
 0001:00005b1c       ?show_calcnormals_progress@@YAXXZ 00406b1c f   normal.obj
 0001:00005b5c       ?addnormals@@YAXAAUcube@@ABUivec@@H@Z 00406b5c f   normal.obj
 0001:00005f85       ?calcnormals@@YAXXZ        00406f85 f   normal.obj
 0001:00006009       ?calclerpverts@@YAXABUvec@@PBU1@100PAUlerpvert@@AAH@Z 00407009 f   normal.obj
 0001:00006148       ?setlerpstep@@YAXMAAUlerpbounds@@@Z 00407148 f   normal.obj
 0001:0000626a       ?initlerpbounds@@YAXPBUlerpvert@@HAAUlerpbounds@@1@Z 0040726a f   normal.obj
 0001:00006343       ?updatelerpbounds@@YAXMPBUlerpvert@@HAAUlerpbounds@@1@Z 00407343 f   normal.obj
 0001:000063d9       ?lerpnormal@@YAXMPBUlerpvert@@HAAUlerpbounds@@1AAUvec@@2@Z 004073d9 f   normal.obj
 0001:00006542       ?newnormals@@YAXAAUcube@@@Z 00407542 f   normal.obj
 0001:000065d0       ?freenormals@@YAXAAUcube@@@Z 004075d0 f   normal.obj
 0001:000065ed       ?add@?$vector@Unormal@@@@QAEAAUnormal@@ABU2@@Z 004075ed f i normal.obj
 0001:00006624       ?clear@?$hashtable@Unkey@@Unval@@@@QAEXXZ 00407624 f i normal.obj
 0001:000066a1       ??1chain@?$hashtable@Unkey@@Unval@@@@QAE@XZ 004076a1 f i normal.obj
 0001:000066c5       ?vrealloc@?$vector@Unormal@@@@QAEXXZ 004076c5 f i normal.obj
 0001:0000670b       ?find@?$hashtable@Unkey@@Unval@@@@QAEPAUchain@1@ABUnkey@@_N@Z 0040770b f i normal.obj
 0001:00006756       ?insert@?$hashtable@Unkey@@Unval@@@@QAEPAUchain@1@ABUnkey@@I@Z 00407756 f i normal.obj
 0001:00006803       ??0chain@?$hashtable@Unkey@@Unval@@@@QAE@XZ 00407803 f i normal.obj
 0001:0000683c       ??8plane@@QBE_NABU0@@Z     0040783c f i octa.obj
 0001:0000687d       ?toplane@plane@@QAE_NABUvec@@00@Z 0040787d f i octa.obj
 0001:00006922       ??0ivec@@QAE@HHHH@Z        00407922 f i octa.obj
 0001:00006951       ?mul@ivec@@QAEAAU1@H@Z     00407951 f i octa.obj
 0001:00006973       ?cross@ivec@@QAEAAU1@ABU1@0@Z 00407973 f i octa.obj
 0001:000069ac       ?newcubeext@@YAPAUcubeext@@AAUcube@@@Z 004079ac f   octa.obj
 0001:000069fe       ?newcubes@@YAPAUcube@@I@Z  004079fe f   octa.obj
 0001:00006a45       ?familysize@@YAHAAUcube@@@Z 00407a45 f   octa.obj
 0001:00006a73       ?freeocta@@YAXPAUcube@@@Z  00407a73 f   octa.obj
 0001:00006a9b       ?discardchildren@@YAXAAUcube@@@Z 00407a9b f   octa.obj
 0001:00006b08       ?getcubevector@@YAXAAUcube@@HHHHAAUivec@@@Z 00407b08 f   octa.obj
 0001:00006b74       ?setcubevector@@YAXAAUcube@@HHHHAAUivec@@@Z 00407b74 f   octa.obj
 0001:00006c10       ?optiface@@YAXPAEAAUcube@@@Z 00407c10 f   octa.obj
 0001:00006c3b       ?printcube@@YAXXZ          00407c3b f   octa.obj
 0001:00006ca6       ?isvalidcube@@YA_NAAUcube@@@Z 00407ca6 f   octa.obj
 0001:00006d1b       ?validatec@@YAXPAUcube@@H@Z 00407d1b f   octa.obj
 0001:00006db0       ?lookupcube@@YAAAUcube@@HHHH@Z 00407db0 f   octa.obj
 0001:00006edf       ?neighbourcube@@YAAAUcube@@HHHHHH@Z 00407edf f   octa.obj
 0001:00006f18       ?octantrectangleoverlap@@YAEABUivec@@H00@Z 00407f18 f   octa.obj
 0001:00006f78       ?getmippedtexture@@YAHAAUcube@@H@Z 00407f78 f   octa.obj
 0001:0000708e       ?forcemip@@YAXAAUcube@@@Z  0040808e f   octa.obj
 0001:00007169       ?midedge@@YAHABUivec@@0HHAA_N@Z 00408169 f   octa.obj
 0001:00007293       ?subdividecube@@YA_NAAUcube@@_N1@Z 00408293 f   octa.obj
 0001:00007680       ?visibleorient@@YAHAAUcube@@H@Z 00408680 f   octa.obj
 0001:0000770a       ?remip@@YA_NAAUcube@@HHHH@Z 0040870a f   octa.obj
 0001:000079c9       ?remipworld@@YAXXZ         004089c9 f   octa.obj
 0001:00007a5b       ?remip_@@YAXXZ             00408a5b f   octa.obj
 0001:00007a69       ?edgelookup@@YAAAEAAUcube@@ABUivec@@H@Z 00408a69 f   octa.obj
 0001:00007a94       ?edgeval@@YAHAAUcube@@ABUivec@@HH@Z 00408a94 f   octa.obj
 0001:00007ab0       ?genvertp@@YAXAAUcube@@AAUivec@@11AAUplane@@@Z 00408ab0 f   octa.obj
 0001:00007b94       ?threeplaneintersect@@YA_NAAUplane@@00AAUvec@@@Z 00408b94 f   octa.obj
 0001:00007cae       ?genedgespanvert@@YAXAAUivec@@AAUcube@@AAUvec@@@Z 00408cae f   octa.obj
 0001:00007ec2       ?edgespan2vectorcube@@YAXAAUcube@@@Z 00408ec2 f   octa.obj
 0001:0000803e       ?genvectorvert@@YAXABUivec@@AAUcube@@AAU1@@Z 0040903e f   octa.obj
 0001:00008075       ?touchingface@@YA_NAAUcube@@H@Z 00409075 f   octa.obj
 0001:0000809d       ?faceconvexity@@YAHAAUcube@@H@Z 0040909d f   octa.obj
 0001:00008153       ?faceverts@@YAHAAUcube@@HH@Z 00409153 f   octa.obj
 0001:000081c9       ?faceedges@@YAIAAUcube@@H@Z 004091c9 f   octa.obj
 0001:000081f2       ?genfacevecs@@YAXAAUcube@@HABUivec@@H_NPAUfacevec@@@Z 004091f2 f   octa.obj
 0001:000082e9       ?clipfacevecy@@YAHABUfacevec@@0HHHAAU1@@Z 004092e9 f   octa.obj
 0001:00008337       ?clipfacevecx@@YAHABUfacevec@@0HHHAAU1@@Z 00409337 f   octa.obj
 0001:00008385       ?clipfacevec@@YAHABUfacevec@@0HHHPAU1@@Z 00409385 f   octa.obj
 0001:00008455       ?insideface@@YA_NPBUfacevec@@H0@Z 00409455 f   octa.obj
 0001:000084ea       ?clipfacevecs@@YAHPBUfacevec@@HHHPAU1@@Z 004094ea f   octa.obj
 0001:000085ca       ?occludesface@@YA_NAAUcube@@HABUivec@@H1HEPBUfacevec@@@Z 004095ca f   octa.obj
 0001:00008734       ?visibleface@@YA_NAAUcube@@HHHHHE_N@Z 00409734 f   octa.obj
 0001:0000891d       ?calcvert@@YAXAAUcube@@HHHHAAUvvec@@H_N@Z 0040991d f   octa.obj
 0001:00008a1c       ?calcverts@@YAXAAUcube@@HHHHPAUvvec@@PA_NPAH_N@Z 00409a1c f   octa.obj
 0001:00008aa1       ?genclipplane@@YAHAAUcube@@HPAUvec@@PAUplane@@@Z 00409aa1 f   octa.obj
 0001:00008b82       ?genclipplanes@@YAXAAUcube@@HHHHAAUclipplanes@@@Z 00409b82 f   octa.obj
 0001:00008f3e       ?mergefaces@@YAHHPAUcubeface@@H@Z 00409f3e f   octa.obj
 0001:00008f7b       ?mincubeface@@YAXAAUcube@@HABUivec@@HABUmergeinfo@@AAU3@@Z 00409f7b f   octa.obj
 0001:000092b3       ?mincubeface@@YA_NAAUcube@@HABUivec@@HAAUmergeinfo@@@Z 0040a2b3 f   octa.obj
 0001:0000934f       ?gencubeface@@YA_NAAUcube@@HABUivec@@HAAU2@AAHAAUcubeface@@@Z 0040a34f f   octa.obj
 0001:000096af       ?addmergeinfo@@YAXAAUcube@@HAAUcubeface@@@Z 0040a6af f   octa.obj
 0001:000097bf       ?freemergeinfo@@YAXAAUcube@@@Z 0040a7bf f   octa.obj
 0001:000097e6       ?genmergeinfo@@YAXPAUcube@@ABUivec@@H@Z 0040a7e6 f   octa.obj
 0001:00009aba       ?genmergedverts@@YAXAAUcube@@HABUivec@@HABUmergeinfo@@PAUvvec@@PAUplane@@@Z 0040aaba f   octa.obj
 0001:00009d06       ?calcmergedsize@@YAHHABUivec@@HABUmergeinfo@@PBUvvec@@@Z 0040ad06 f   octa.obj
 0001:00009e09       ?invalidatemerges@@YAXAAUcube@@@Z 0040ae09 f   octa.obj
 0001:00009e7b       ?add@?$vector@Ucubeface@@@@QAEAAUcubeface@@ABU2@@Z 0040ae7b f i octa.obj
 0001:00009eb0       ??1chain@?$hashtable@Ucfkey@@Ucfval@@@@QAE@XZ 0040aeb0 f i octa.obj
 0001:00009ed4       ??1cfval@@QAE@XZ           0040aed4 f i octa.obj
 0001:00009ef8       ??1?$vector@Uaniminfo@vertmodel@@@@QAE@XZ 0040aef8 f i rendermodel.obj
 0001:00009ef8       ??1?$vector@PAUvtxarray@@@@QAE@XZ 0040aef8 f i octarender.obj
 0001:00009ef8       ??1?$vector@D@@QAE@XZ      0040aef8 f i octarender.obj
 0001:00009ef8       ??1?$vector@G@@QAE@XZ      0040aef8 f i octarender.obj
 0001:00009ef8       ??1?$vector@PAUclientinfo@fpsserver@@@@QAE@XZ 0040aef8 f i fps.obj
 0001:00009ef8       ??1?$vector@Ucubeface@@@@QAE@XZ 0040aef8 f i octa.obj
 0001:00009f0c       ?vrealloc@?$vector@Userver_entity@fpsserver@@@@QAEXXZ 0040af0c f i fps.obj
 0001:00009f0c       ?vrealloc@?$vector@Uaniminfo@vertmodel@@@@QAEXXZ 0040af0c f i rendermodel.obj
 0001:00009f0c       ?vrealloc@?$vector@Ucubeface@@@@QAEXXZ 0040af0c f i octa.obj
 0001:00009f0c       ?vrealloc@?$vector@Uvotecount@fpsserver@@@@QAEXXZ 0040af0c f i fps.obj
 0001:00009f52       ?find@?$hashtable@Ucfkey@@Ucfval@@@@QAEPAUchain@1@ABUcfkey@@_N@Z 0040af52 f i octa.obj
 0001:00009fe1       ?insert@?$hashtable@Ucfkey@@Ucfval@@@@QAEPAUchain@1@ABUcfkey@@I@Z 0040afe1 f i octa.obj
 0001:0000a07e       ??0chain@?$hashtable@Ucfkey@@Ucfval@@@@QAE@XZ 0040b07e f i octa.obj
 0001:0000a0a4       ??0?$vector@Uaniminfo@vertmodel@@@@QAE@XZ 0040b0a4 f i rendermodel.obj
 0001:0000a0a4       ??0?$vector@Ucubeface@@@@QAE@XZ 0040b0a4 f i octa.obj
 0001:0000a0c0       ?rayintersect@plane@@QAE_NABUvec@@0AAM@Z 0040b0c0 f i octaedit.obj
 0001:0000a106       ??0ivec@@QAE@ABUvec@@@Z    0040b106 f i octaedit.obj
 0001:0000a128       ??8selinfo@@QBE_NABU0@@Z   0040b128 f i octaedit.obj
 0001:0000a15d       ??0block3@@QAE@ABUselinfo@@@Z 0040b15d f i octaedit.obj
 0001:0000a17f       ?set@Shader@@QAEXXZ        0040b17f f i octaedit.obj
 0001:0000a1cb       ?boxs@@YAXHHHHHH@Z         0040b1cb f   octaedit.obj
 0001:0000a33b       ?boxs3D@@YAXABUivec@@0H@Z  0040b33b f   octaedit.obj
 0001:0000a39d       ?boxsgrid@@YAXABUivec@@0HH@Z 0040b39d f   octaedit.obj
 0001:0000a448       ?var_dragging@@YAXXZ       0040b448 f   octaedit.obj
 0001:0000a48d       ?var_moving@@YAXXZ         0040b48d f   octaedit.obj
 0001:0000a4ee       ?clearheighttexture@@YAXXZ 0040b4ee f   octaedit.obj
 0001:0000a506       ?clearheightmap@@YAXXZ     0040b506 f   octaedit.obj
 0001:0000a523       ?cubecancel@@YAXXZ         0040b523 f   octaedit.obj
 0001:0000a541       ?entcancel@@YAXXZ          0040b541 f   octaedit.obj
 0001:0000a553       ?cancelsel@@YAXXZ          0040b553 f   octaedit.obj
 0001:0000a55d       ?var_gridpower@@YAXXZ      0040b55d f   octaedit.obj
 0001:0000a590       ?toggleedit@@YAXXZ         0040b590 f   octaedit.obj
 0001:0000a617       ?noedit@@YA_N_N@Z          0040b617 f   octaedit.obj
 0001:0000a75c       ?reorient@@YAXXZ           0040b75c f   octaedit.obj
 0001:0000a7b7       ?selextend@@YAXXZ          0040b7b7 f   octaedit.obj
 0001:0000a81e       ?blockcube@@YAAAUcube@@HHHABUblock3@@H@Z 0040b81e f   octaedit.obj
 0001:0000a880       ??0cmd_havesel@@QAE@XZ     0040b880 f i octaedit.obj
 0001:0000a8f6       ?run@cmd_havesel@@UAEXPAPAD@Z 0040b8f6 f i octaedit.obj
 0001:0000a90f       ??_Gcmd_entselect@@UAEPAXI@Z 0040b90f f i world.obj
 0001:0000a90f       ??_Ecmd_attack@@UAEPAXI@Z  0040b90f f i  CIL library: CIL module
 0001:0000a90f       ??_Gcmd_jump@@UAEPAXI@Z    0040b90f f i physics.obj
 0001:0000a90f       ??_Ecmd_echo@@UAEPAXI@Z    0040b90f f i  CIL library: CIL module
 0001:0000a90f       ??_Gcmd_if@@UAEPAXI@Z      0040b90f f i command.obj
 0001:0000a90f       ??_Gcmd_loop@@UAEPAXI@Z    0040b90f f i command.obj
 0001:0000a90f       ??_Ecmd_forward@@UAEPAXI@Z 0040b90f f i  CIL library: CIL module
 0001:0000a90f       ??_Ecmd_loop@@UAEPAXI@Z    0040b90f f i  CIL library: CIL module
 0001:0000a90f       ??_Ecmd_enthavesel@@UAEPAXI@Z 0040b90f f i  CIL library: CIL module
 0001:0000a90f       ??_Ecmd_if@@UAEPAXI@Z      0040b90f f i  CIL library: CIL module
 0001:0000a90f       ??_Gcmd_right@@UAEPAXI@Z   0040b90f f i physics.obj
 0001:0000a90f       ??_Gcmd_attack@@UAEPAXI@Z  0040b90f f i physics.obj
 0001:0000a90f       ??_Gcmd_entget@@UAEPAXI@Z  0040b90f f i world.obj
 0001:0000a90f       ??_Ecmd_left@@UAEPAXI@Z    0040b90f f i  CIL library: CIL module
 0001:0000a90f       ??_Ecmd_right@@UAEPAXI@Z   0040b90f f i  CIL library: CIL module
 0001:0000a90f       ??_Ecmd_havesel@@UAEPAXI@Z 0040b90f f i  CIL library: CIL module
 0001:0000a90f       ??_Ecmd_entselect@@UAEPAXI@Z 0040b90f f i  CIL library: CIL module
 0001:0000a90f       ??_Ecmd_insel@@UAEPAXI@Z   0040b90f f i  CIL library: CIL module
 0001:0000a90f       ??_Gcmd_left@@UAEPAXI@Z    0040b90f f i physics.obj
 0001:0000a90f       ??_Gcmd_insel@@UAEPAXI@Z   0040b90f f i world.obj
 0001:0000a90f       ??_Ecmd_backward@@UAEPAXI@Z 0040b90f f i  CIL library: CIL module
 0001:0000a90f       ??_Gcmd_backward@@UAEPAXI@Z 0040b90f f i physics.obj
 0001:0000a90f       ??_Ecmd_while@@UAEPAXI@Z   0040b90f f i  CIL library: CIL module
 0001:0000a90f       ??_Gcmd_enthavesel@@UAEPAXI@Z 0040b90f f i world.obj
 0001:0000a90f       ??_Gcmd_while@@UAEPAXI@Z   0040b90f f i command.obj
 0001:0000a90f       ??_Gcmd_havesel@@UAEPAXI@Z 0040b90f f i octaedit.obj
 0001:0000a90f       ??_Gcmd_entloop@@UAEPAXI@Z 0040b90f f i world.obj
 0001:0000a90f       ??_Gcmd_echo@@UAEPAXI@Z    0040b90f f i command.obj
 0001:0000a90f       ??_Ecmd_jump@@UAEPAXI@Z    0040b90f f i  CIL library: CIL module
 0001:0000a90f       ??_Ecmd_entget@@UAEPAXI@Z  0040b90f f i  CIL library: CIL module
 0001:0000a90f       ??_Ecmd_entloop@@UAEPAXI@Z 0040b90f f i  CIL library: CIL module
 0001:0000a90f       ??_Gcmd_forward@@UAEPAXI@Z 0040b90f f i physics.obj
 0001:0000a948       ?countselchild@@YAXPAUcube@@AAUivec@@H@Z 0040b948 f   octaedit.obj
 0001:0000a9df       ?normalizelookupcube@@YAXHHH@Z 0040b9df f   octaedit.obj
 0001:0000aa52       ?updateselection@@YAXXZ    0040ba52 f   octaedit.obj
 0001:0000aafb       ?editmoveplane@@YAXABUvec@@0HMAAU1@1_N@Z 0040bafb f   octaedit.obj
 0001:0000abb1       ?cursorupdate@@YAXXZ       0040bbb1 f   octaedit.obj
 0001:0000b548       ?readychanges@@YAXAAUblock3@@PAUcube@@AAUivec@@H@Z 0040c548 f   octaedit.obj
 0001:0000b634       ?changed@@YAXABUblock3@@@Z 0040c634 f   octaedit.obj
 0001:0000b6c3       ?copycube@@YA?AUcube@@AAU1@@Z 0040c6c3 f   octaedit.obj
 0001:0000b74f       ?pastecube@@YAXAAUcube@@0@Z 0040c74f f   octaedit.obj
 0001:0000b779       ?blockcopy@@YAPAUblock3@@ABU1@H@Z 0040c779 f   octaedit.obj
 0001:0000b86b       ?freeblock@@YAXPAUblock3@@@Z 0040c86b f   octaedit.obj
 0001:0000b8a5       ?selgridmap@@YAPAHAAUselinfo@@@Z 0040c8a5 f   octaedit.obj
 0001:0000b9a0       ?freeundo@@YAXUundoblock@@@Z 0040c9a0 f   octaedit.obj
 0001:0000b9d1       ?pasteundo@@YAXAAUundoblock@@@Z 0040c9d1 f   octaedit.obj
 0001:0000baba       ?pruneundos@@YAXH@Z        0040caba f   octaedit.obj
 0001:0000bbd5       ?initundocube@@YAXAAUundoblock@@AAUselinfo@@@Z 0040cbd5 f   octaedit.obj
 0001:0000bc06       ?addundo@@YAXAAUundoblock@@@Z 0040cc06 f   octaedit.obj
 0001:0000bc28       ?makeundo@@YAXXZ           0040cc28 f   octaedit.obj
 0001:0000bc8a       ?swapundo@@YAXAAU?$vector@Uundoblock@@@@0PBD@Z 0040cc8a f   octaedit.obj
 0001:0000bde5       ?editundo@@YAXXZ           0040cde5 f   octaedit.obj
 0001:0000bdfc       ?editredo@@YAXXZ           0040cdfc f   octaedit.obj
 0001:0000be13       ?freeeditinfo@@YAXAAPAUeditinfo@@@Z 0040ce13 f   octaedit.obj
 0001:0000be33       ?mpcopy@@YAXAAPAUeditinfo@@AAUselinfo@@_N@Z 0040ce33 f   octaedit.obj
 0001:0000bf1c       ?mppaste@@YAXAAPAUeditinfo@@AAUselinfo@@_N@Z 0040cf1c f   octaedit.obj
 0001:0000c06c       ?copy@@YAXXZ               0040d06c f   octaedit.obj
 0001:0000c08c       ?paste@@YAXPAH@Z           0040d08c f   octaedit.obj
 0001:0000c0ea       ?pushside@@YAXAAUcube@@HHHH@Z 0040d0ea f   octaedit.obj
 0001:0000c139       ?setheightmap@@YAXAAUselinfo@@@Z 0040d139 f   octaedit.obj
 0001:0000c51f       ?cubifyheightmap@@YAXAAUselinfo@@@Z 0040d51f f   octaedit.obj
 0001:0000c6da       ?getlimits@@YAXAAH000000@Z 0040d6da f   octaedit.obj
 0001:0000c779       ?createheightmap@@YAXXZ    0040d779 f   octaedit.obj
 0001:0000caaf       ?getheightmap@@YAXXZ       0040daaf f   octaedit.obj
 0001:0000cad6       ?clearbrush@@YAXXZ         0040dad6 f   octaedit.obj
 0001:0000caf3       ?brushvert@@YAXPAH00@Z     0040daf3 f   octaedit.obj
 0001:0000cb46       ?getxcursor@@YAHXZ         0040db46 f   octaedit.obj
 0001:0000cb76       ?getycursor@@YAHXZ         0040db76 f   octaedit.obj
 0001:0000cba8       ?copybrush@@YAXXZ          0040dba8 f   octaedit.obj
 0001:0000cca5       ?savebrush@@YAXPBD@Z       0040dca5 f   octaedit.obj
 0001:0000cd98       ?edithmap@@YAXH@Z          0040dd98 f   octaedit.obj
 0001:0000d056       ?pushedge@@YAXAAEHH@Z      0040e056 f   octaedit.obj
 0001:0000d0f0       ?linkedpush@@YAXAAUcube@@HHHHH@Z 0040e0f0 f   octaedit.obj
 0001:0000d1b7       ?mpeditface@@YAXHHAAUselinfo@@_N@Z 0040e1b7 f   octaedit.obj
 0001:0000d5b6       ?editface@@YAXPAH0@Z       0040e5b6 f   octaedit.obj
 0001:0000d5ff       ?pushsel@@YAXPAH@Z         0040e5ff f   octaedit.obj
 0001:0000d63e       ?mpdelcube@@YAXAAUselinfo@@_N@Z 0040e63e f   octaedit.obj
 0001:0000d749       ?delcube@@YAXXZ            0040e749 f   octaedit.obj
 0001:0000d765       ?tofronttex@@YAXXZ         0040e765 f   octaedit.obj
 0001:0000d790       ?edittexcube@@YAXAAUcube@@HHAA_N@Z 0040e790 f   octaedit.obj
 0001:0000d81c       ?mpedittex@@YAXHHAAUselinfo@@_N@Z 0040e81c f   octaedit.obj
 0001:0000d973       ?filltexlist@@YAXXZ        0040e973 f   octaedit.obj
 0001:0000d9fa       ?edittex@@YAXPAH@Z         0040e9fa f   octaedit.obj
 0001:0000da9f       ?gettex@@YAXXZ             0040ea9f f   octaedit.obj
 0001:0000dbe9       ?replacetexcube@@YAXAAUcube@@HH@Z 0040ebe9 f   octaedit.obj
 0001:0000dc32       ?mpreplacetex@@YAXHHAAUselinfo@@_N@Z 0040ec32 f   octaedit.obj
 0001:0000dc7f       ?replace@@YAXXZ            0040ec7f f   octaedit.obj
 0001:0000dcb7       ?dflip@@YAII@Z             0040ecb7 f   octaedit.obj
 0001:0000dcdc       ?mflip@@YAII@Z             0040ecdc f   octaedit.obj
 0001:0000dcfb       ?flipcube@@YAXAAUcube@@H@Z 0040ecfb f   octaedit.obj
 0001:0000dded       ?rotatequad@@YAXAAUcube@@000@Z 0040eded f   octaedit.obj
 0001:0000de2e       ?rotatecube@@YAXAAUcube@@H@Z 0040ee2e f   octaedit.obj
 0001:0000dfcc       ?mpflip@@YAXAAUselinfo@@_N@Z 0040efcc f   octaedit.obj
 0001:0000e182       ?flip@@YAXXZ               0040f182 f   octaedit.obj
 0001:0000e1a7       ?mprotate@@YAXHAAUselinfo@@_N@Z 0040f1a7 f   octaedit.obj
 0001:0000e432       ?rotate@@YAXPAH@Z          0040f432 f   octaedit.obj
 0001:0000e45e       ?setmat@@YAXAAUcube@@E@Z   0040f45e f   octaedit.obj
 0001:0000e4af       ?mpeditmat@@YAXHAAUselinfo@@_N@Z 0040f4af f   octaedit.obj
 0001:0000e5af       ?editmat@@YAXPAD@Z         0040f5af f   octaedit.obj
 0001:0000e5ec       ?render_texture_panel@@YAXHH@Z 0040f5ec f   octaedit.obj
 0001:0000e8f0       ?add@?$vector@G@@QAEAAGABG@Z 0040f8f0 f i octaedit.obj
 0001:0000e926       ?remove@?$vector@G@@QAEGH@Z 0040f926 f i octaedit.obj
 0001:0000e95a       ?insert@?$vector@G@@QAEAAGHABG@Z 0040f95a f i octaedit.obj
 0001:0000e9a4       ??1?$tident@X@@UAE@XZ      0040f9a4 f i octaedit.obj
 0001:0000e9ab       ?add@?$vector@Uundoblock@@@@QAEAAUundoblock@@ABU2@@Z 0040f9ab f i octaedit.obj
 0001:0000e9e1       ??_G?$tident@X@@UAEPAXI@Z  0040f9e1 f i octaedit.obj
 0001:0000e9e1       ??_E?$tident@X@@UAEPAXI@Z  0040f9e1 f i  CIL library: CIL module
 0001:0000e9fe       ?vrealloc@?$vector@G@@QAEXXZ 0040f9fe f i octaedit.obj
 0001:0000ea3c       ?vrealloc@?$vector@Uundoblock@@@@QAEXXZ 0040fa3c f i octaedit.obj
 0001:0000ea82       ??0vec@@QAE@MM@Z           0040fa82 f i octarender.obj
 0001:0000eadc       ?genfloatverts@@YAXPAUfvertex@@@Z 0040fadc f   octarender.obj
 0001:0000eb48       ?var_vacubemax@@YAXXZ      0040fb48 f   octarender.obj
 0001:0000eb48       ?var_optmats@@YAXXZ        0040fb48 f   water.obj
 0001:0000eb48       ?var_vacubemin@@YAXXZ      0040fb48 f   octarender.obj
 0001:0000eb48       ?var_vbosize@@YAXXZ        0040fb48 f   octarender.obj
 0001:0000eb48       ?var_floatvtx@@YAXXZ       0040fb48 f   octarender.obj
 0001:0000eb48       ?var_vacubesize@@YAXXZ     0040fb48 f   octarender.obj
 0001:0000eb51       ?destroyvbo@@YAXI@Z        0040fb51 f   octarender.obj
 0001:0000eb75       ?genvbo@@YAXHPAXHPAPAUvtxarray@@H@Z 0040fb75 f   octarender.obj
 0001:0000ec37       ?flushvbo@@YAXH@Z          0040fc37 f   octarender.obj
 0001:0000ec88       ?addvbo@@YAPAXPAUvtxarray@@HPAXH@Z 0040fc88 f   octarender.obj
 0001:0000ed5d       ?access@vechash@@QAEHABUvvec@@FFABUbvec@@@Z 0040fd5d f i octarender.obj
 0001:0000eebc       ?size@lodcollect@@QAEHXZ   0040febc f i octarender.obj
 0001:0000eee5       ?clearidx@lodcollect@@QAEXXZ 0040fee5 f i octarender.obj
 0001:0000ef51       ?remapunlit@lodcollect@@QAEXAAU?$vector@Usortkey@@@@@Z 0040ff51 f i octarender.obj
 0001:0000f192       ?optimize@lodcollect@@QAEXXZ 00410192 f i octarender.obj
 0001:0000f30f       ?texsort@lodcollect@@SAHPBUsortkey@@0@Z 0041030f f i octarender.obj
 0001:0000f36c       ?setup@lodcollect@@QAEPADPAUvtxarray@@AAUlodlevel@@PAD@Z 0041036c f i octarender.obj
 0001:0000f60d       ??0lodcollect@@QAE@XZ      0041060d f i octarender.obj
 0001:0000f6b7       ??1lodcollect@@QAE@XZ      004106b7 f i octarender.obj
 0001:0000f735       ?var_lodsize@@YAXXZ        00410735 f   octarender.obj
 0001:0000f740       ?addtriindexes@@YAHAAU?$vector@G@@QAH@Z 00410740 f   octarender.obj
 0001:0000f7e0       ?addcubeverts@@YAXHH_NPAUvvec@@GPAUsurfaceinfo@@PAUsurfacenormals@@@Z 004107e0 f   octarender.obj
 0001:0000f991       ?gencubeverts@@YAXAAUcube@@HHHHH_N@Z 00410991 f   octarender.obj
 0001:0000fab3       ?skyoccluded@@YA_NAAUcube@@H@Z 00410ab3 f   octarender.obj
 0001:0000fae1       ?hasskyfaces@@YAHAAUcube@@HHHHQAH@Z 00410ae1 f   octarender.obj
 0001:0000fbaa       ?minskyface@@YAXAAUcube@@HABUivec@@HAAUmergeinfo@@@Z 00410baa f   octarender.obj
 0001:0000fc43       ?genskyfaces@@YAXAAUcube@@ABUivec@@H_N@Z 00410c43 f   octarender.obj
 0001:0000fda4       ?addskyverts@@YAXABUivec@@H@Z 00410da4 f   octarender.obj
 0001:0000ff18       ?newva@@YAPAUvtxarray@@HHHH@Z 00410f18 f   octarender.obj
 0001:00010142       ?destroyva@@YAXPAUvtxarray@@_N@Z 00411142 f   octarender.obj
 0001:00010260       ?vaclearc@@YAXPAUcube@@@Z  00411260 f   octarender.obj
 0001:000102a0       ?genmergedfaces@@YAXAAUcube@@ABUivec@@HH@Z 004112a0 f   octarender.obj
 0001:000103f9       ?findmergedfaces@@YAXAAUcube@@ABUivec@@HHH@Z 004113f9 f   octarender.obj
 0001:00010499       ?addmergedverts@@YAXH@Z    00411499 f   octarender.obj
 0001:00010509       ?rendercube@@YAXAAUcube@@HHHHH@Z 00411509 f   octarender.obj
 0001:0001074f       ?setva@@YAXAAUcube@@HHHHH@Z 0041174f f   octarender.obj
 0001:000108e2       ?updateva@@YAHPAUcube@@HHHHH@Z 004118e2 f   octarender.obj
 0001:00010b7d       ?genlod@@YAXAAUcube@@H@Z   00411b7d f   octarender.obj
 0001:00010c43       ?octarender@@YAXXZ         00411c43 f   octarender.obj
 0001:00010cfb       ?precachetextures@@YAXAAUlodlevel@@@Z 00411cfb f   octarender.obj
 0001:00010d21       ?precacheall@@YAXXZ        00411d21 f   octarender.obj
 0001:00010d5b       ?allchanged@@YAX_N@Z       00411d5b f   octarender.obj
 0001:00010e12       ?recalc@@YAXXZ             00411e12 f   octarender.obj
 0001:00010e1b       ?isvisiblesphere@@YAHMABUvec@@@Z 00411e1b f   octarender.obj
 0001:00010ed5       ?isvisiblecube@@YAHABUvec@@H@Z 00411ed5 f   octarender.obj
 0001:00010f38       ?vadist@@YAMPAUvtxarray@@ABUvec@@@Z 00411f38 f   octarender.obj
 0001:00010fa7       ?addvisibleva@@YAXPAUvtxarray@@@Z 00411fa7 f   octarender.obj
 0001:00011021       ?findvisiblevas@@YAXAAU?$vector@PAUvtxarray@@@@_N@Z 00412021 f   octarender.obj
 0001:000110cb       ?setvfcP@@YAXMMABUvec@@@Z  004120cb f   octarender.obj
 0001:00011300       ?reflectvfcP@@YAXM@Z       00412300 f   octarender.obj
 0001:00011353       ?restorevfcP@@YAXXZ        00412353 f   octarender.obj
 0001:00011368       ?visiblecubes@@YAXPAUcube@@HHHHHHH@Z 00412368 f   octarender.obj
 0001:000113f1       ?insideva@@YA_NPBUvtxarray@@ABUvec@@@Z 004123f1 f   octarender.obj
 0001:00011494       ?resetorigin@@YAXXZ        00412494 f   octarender.obj
 0001:000114b7       ?setorigin@@YAXPAUvtxarray@@@Z 004124b7 f   octarender.obj
 0001:0001154f       ?setupTMU@@YAXXZ           0041254f f   octarender.obj
 0001:000115ac       ?newquery@@YAPAUoccludequery@@PAX@Z 004125ac f   octarender.obj
 0001:00011601       ?checkquery@@YA_NPAUoccludequery@@_N@Z 00412601 f   octarender.obj
 0001:00011649       ?drawbb@@YAXABUivec@@0ABUvec@@@Z 00412649 f   octarender.obj
 0001:0001170e       ?findvisiblemms@@YAXABU?$vector@PAUextentity@@@@@Z 0041270e f   octarender.obj
 0001:0001188e       ?rendermapmodel@@YAXAAUextentity@@@Z 0041288e f   octarender.obj
 0001:00011955       ?renderreflectedmapmodels@@YAXM_N@Z 00412955 f   octarender.obj
 0001:00011b58       ?rendermapmodels@@YAXXZ    00412b58 f   octarender.obj
 0001:00011df5       ?bboccluded@@YA_NABUivec@@0PAUcube@@0H@Z 00412df5 f   octarender.obj
 0001:00011e97       ?renderoutline@@YAXXZ      00412e97 f   octarender.obj
 0001:00012062       ??0renderstate@@QAE@XZ     00413062 f i octarender.obj
 0001:000120a1       ?renderquery@@YAXAAUrenderstate@@PAUoccludequery@@PAUvtxarray@@@Z 004130a1 f   octarender.obj
 0001:00012297       ?renderva@@YAXAAUrenderstate@@PAUvtxarray@@AAUlodlevel@@_N@Z 00413297 f   octarender.obj
 0001:00012b7b       ?setupTMUs@@YAXXZ          00413b7b f   octarender.obj
 0001:00012cf7       ?cleanupTMUs@@YAXXZ        00413cf7 f   octarender.obj
 0001:00012dcd       ?rendergeom@@YAXXZ         00413dcd f   octarender.obj
 0001:000130c9       ?findreflectedvas@@YAXAAU?$vector@PAUvtxarray@@@@M_N1@Z 004140c9 f   octarender.obj
 0001:0001322c       ?renderreflectedgeom@@YAXM_N@Z 0041422c f   octarender.obj
 0001:00013521       ?renderskyva@@YAXPAUvtxarray@@AAUlodlevel@@_N@Z 00414521 f   octarender.obj
 0001:0001362a       ?renderreflectedskyvas@@YAXAAU?$vector@PAUvtxarray@@@@M_N@Z 0041462a f   octarender.obj
 0001:00013711       ?rendersky@@YAX_NM@Z       00414711 f   octarender.obj
 0001:000137e4       ?writeobj@@YAXPAD@Z        004147e4 f   octarender.obj
 0001:0001399c       ??0?$vector@G@@QAE@XZ      0041499c f i octarender.obj
 0001:000139b8       ??0?$vector@D@@QAE@XZ      004149b8 f i octarender.obj
 0001:000139d2       ?reserve@?$vector@E@@QAE?AU?$databuf@E@@H@Z 004149d2 f i fps.obj
 0001:000139d2       ?reserve@?$vector@D@@QAE?AU?$databuf@D@@H@Z 004149d2 f i octarender.obj
 0001:000139fc       ?add@?$vector@Uteamscore@scoreboard@fpsclient@@@@QAEAAUteamscore@scoreboard@fpsclient@@ABU234@@Z 004149fc f i fps.obj
 0001:000139fc       ?add@?$vector@Usortkey@@@@QAEAAUsortkey@@ABU2@@Z 004149fc f i octarender.obj
 0001:00013a30       ?removeobj@?$vector@Usortkey@@@@QAEXABUsortkey@@@Z 00414a30 f i octarender.obj
 0001:00013a83       ??0?$vector@PAUoctaentities@@@@QAE@ABU0@@Z 00414a83 f i octarender.obj
 0001:00013ac7       ??1chain@?$hashtable@Usortkey@@Usortval@@@@QAE@XZ 00414ac7 f i octarender.obj
 0001:00013aeb       ??1sortval@@QAE@XZ         00414aeb f i octarender.obj
 0001:00013b1c       ?find@?$hashtable@IUvboinfo@@@@QAEPAUchain@1@ABI_N@Z 00414b1c f i octarender.obj
 0001:00013b9b       ?vrealloc@?$vector@D@@QAEXXZ 00414b9b f i octarender.obj
 0001:00013b9b       ?vrealloc@?$vector@E@@QAEXXZ 00414b9b f i crypto.obj
 0001:00013bd7       ?find@?$hashtable@Usortkey@@Usortval@@@@QAEPAUchain@1@ABUsortkey@@_N@Z 00414bd7 f i octarender.obj
 0001:00013c21       ?vrealloc@?$vector@Usortkey@@@@QAEXXZ 00414c21 f i octarender.obj
 0001:00013c21       ?vrealloc@?$vector@Uteamscore@scoreboard@fpsclient@@@@QAEXXZ 00414c21 f i fps.obj
 0001:00013c21       ?vrealloc@?$vector@Uban@fpsserver@@@@QAEXXZ 00414c21 f i fps.obj
 0001:00013c67       ?insert@?$hashtable@Usortkey@@Usortval@@@@QAEPAUchain@1@ABUsortkey@@I@Z 00414c67 f i octarender.obj
 0001:00013d01       ??0chain@?$hashtable@Usortkey@@Usortval@@@@QAE@XZ 00414d01 f i octarender.obj
 0001:00013d3f       ??$dist_to_bb@Uivec@@@vec@@QBEMABUivec@@0@Z 00414d3f f i octarender.obj
 0001:00013db5       _sinf                      00414db5 f i octarender.obj
 0001:00013dcf       ?dist@vec@@QBEMABU1@AAU1@@Z 00414dcf f i physics.obj
 0001:00013e02       ?reject@vec@@QAE_NABU1@M@Z 00414e02 f i physics.obj
 0001:00013e79       ??0physent@@QAE@XZ         00414e79 f i physics.obj
 0001:00013ece       ?reset@physent@@QAEXXZ     00414ece f i physics.obj
 0001:00013f06       ?collisionbox@model@@QAEXHAAUvec@@0@Z 00414f06 f i physics.obj
 0001:00013f59       ?setcubeclip@@YAXAAUcube@@HHHH@Z 00414f59 f   physics.obj
 0001:0001407b       ?freeclipplanes@@YAXAAUcube@@@Z 0041507b f   physics.obj
 0001:000140e1       ?pointincube@@YA_NABUclipplanes@@ABUvec@@@Z 004150e1 f   physics.obj
 0001:00014196       ?raycubeintersect@@YA_NABUcube@@ABUvec@@1AAM@Z 00415196 f   physics.obj
 0001:0001443d       ?rayent@@YAHABUvec@@AAU1@@Z 0041543d f   physics.obj
 0001:0001449a       ?raycubepos@@YAMABUvec@@AAU1@1MHH@Z 0041549a f   physics.obj
 0001:000144fb       ?raycube@@YAMABUvec@@0MHHPAUextentity@@@Z 004154fb f   physics.obj
 0001:00014a31       ?rectcollide@@YA_NPAUphysent@@ABUvec@@1MMMME_N@Z 00415a31 f   physics.obj
 0001:00014cf4       ??0dynentcacheentry@@QAE@XZ 00415cf4 f i physics.obj
 0001:00014d2e       ??1dynentcacheentry@@QAE@XZ 00415d2e f i physics.obj
 0001:00014d60       ?cleardynentcache@@YAXXZ   00415d60 f   physics.obj
 0001:00014d95       ?var_dynentsize@@YAXXZ     00415d95 f   physics.obj
 0001:00014d9a       ?checkdynentcache@@YAABU?$vector@PAUphysent@@@@HH@Z 00415d9a f   physics.obj
 0001:00014eaf       ?updatedynentcache@@YAXPAUphysent@@@Z 00415eaf f   physics.obj
 0001:00014ff6       ?overlapsdynent@@YA_NABUvec@@M@Z 00415ff6 f   physics.obj
 0001:0001513c       ?plcollide@@YA_NPAUphysent@@ABUvec@@@Z 0041613c f   physics.obj
 0001:000152e3       ?rotatebb@@YAXAAUvec@@0H@Z 004162e3 f   physics.obj
 0001:000153e6       ?mmcollide@@YA_NPAUphysent@@ABUvec@@AAUoctaentities@@@Z 004163e6 f   physics.obj
 0001:0001550a       ?cubecollide@@YA_NPAUphysent@@ABUvec@@MAAUcube@@HHHH@Z 0041650a f   physics.obj
 0001:00015822       ?octacollide@@YA_NPAUphysent@@ABUvec@@MABUivec@@2PAUcube@@2H@Z 00416822 f   physics.obj
 0001:0001593c       ?collide@@YA_NPAUphysent@@ABUvec@@M@Z 0041693c f   physics.obj
 0001:00015a02       ?slopegravity@@YAXMABUvec@@AAU1@@Z 00416a02 f   physics.obj
 0001:00015a3c       ?slideagainst@@YAXPAUphysent@@AAUvec@@ABU2@@Z 00416a3c f   physics.obj
 0001:00015afa       ?switchfloor@@YAXPAUphysent@@AAUvec@@_NABU2@@Z 00416afa f   physics.obj
 0001:00015da8       ?trystepup@@YA_NPAUphysent@@AAUvec@@M@Z 00416da8 f   physics.obj
 0001:00015e9d       ?falling@@YAXPAUphysent@@AAUvec@@ABU2@@Z 00416e9d f   physics.obj
 0001:00015f16       ?landing@@YAXPAUphysent@@AAUvec@@ABU2@@Z 00416f16 f   physics.obj
 0001:00015f6d       ?findfloor@@YA_NPAUphysent@@_NABUvec@@AA_NAAU2@@Z 00416f6d f   physics.obj
 0001:00016113       ?move@@YA_NPAUphysent@@AAUvec@@@Z 00417113 f   physics.obj
 0001:00016341       ?bounce@@YA_NPAUphysent@@MMM@Z 00417341 f   physics.obj
 0001:000165e0       ?avoidcollision@@YAXPAUphysent@@ABUvec@@0M@Z 004175e0 f   physics.obj
 0001:00016778       ?dropenttofloor@@YAXPAUentity@@@Z 00417778 f   physics.obj
 0001:00016850       ?phystest@@YAXXZ           00417850 f   physics.obj
 0001:0001691e       ?vecfromyawpitch@@YAXMMHHAAUvec@@_N@Z 0041791e f   physics.obj
 0001:000169e0       ?modifyvelocity@@YAXPAUphysent@@H_N11H@Z 004179e0 f   physics.obj
 0001:00016c1f       ?modifygravity@@YAXPAUphysent@@_NM@Z 00417c1f f   physics.obj
 0001:00016d23       ?moveplayer@@YA_NPAUphysent@@H_NH@Z 00417d23 f   physics.obj
 0001:0001704d       ?physicsframe@@YAXXZ       0041804d f   physics.obj
 0001:00017083       ?moveplayer@@YAXPAUphysent@@H_N@Z 00418083 f   physics.obj
 0001:000170e0       ?intersect@@YA_NPAUphysent@@AAUvec@@1@Z 004180e0 f   physics.obj
 0001:00017238       ??0cmd_backward@@QAE@XZ    00418238 f i physics.obj
 0001:000172ae       ?run@cmd_backward@@UAEXPAPAD@Z 004182ae f i physics.obj
 0001:000172d5       ??0cmd_forward@@QAE@XZ     004182d5 f i physics.obj
 0001:0001734b       ?run@cmd_forward@@UAEXPAPAD@Z 0041834b f i physics.obj
 0001:00017371       ??0cmd_left@@QAE@XZ        00418371 f i physics.obj
 0001:000173e7       ?run@cmd_left@@UAEXPAPAD@Z 004183e7 f i physics.obj
 0001:0001740d       ??0cmd_right@@QAE@XZ       0041840d f i physics.obj
 0001:00017483       ?run@cmd_right@@UAEXPAPAD@Z 00418483 f i physics.obj
 0001:000174aa       ??0cmd_jump@@QAE@XZ        004184aa f i physics.obj
 0001:00017520       ?run@cmd_jump@@UAEXPAPAD@Z 00418520 f i physics.obj
 0001:00017543       ??0cmd_attack@@QAE@XZ      00418543 f i physics.obj
 0001:000175b9       ?run@cmd_attack@@UAEXPAPAD@Z 004185b9 f i physics.obj
 0001:000175d0       ?fixcamerarange@@YAXXZ     004185d0 f   physics.obj
 0001:00017651       ?mousemove@@YAXHH@Z        00418651 f   physics.obj
 0001:000176cf       ?entinmap@@YAXPAUdynent@@@Z 004186cf f   physics.obj
 0001:000177e8       ?updatephysstate@@YAXPAUphysent@@@Z 004187e8 f   physics.obj
 0001:00017955       ?find@?$vector@H@@QAEHABH@Z 00418955 f i physics.obj
 0001:0001797a       ?fabs@@YAMM@Z              0041897a f i physics.obj
 0001:00017994       ?s_strncpy@@YAPADPADPBDI@Z 00418994 f i world.obj
 0001:000179ab       ??0octaentities@@QAE@ABUivec@@H@Z 004189ab f i world.obj
 0001:000179fc       ?modifyoctaentity@@YAX_NHPAUcube@@ABUivec@@H22PAUvtxarray@@@Z 004189fc f   world.obj
 0001:00017cbd       ?getentboundingbox@@YA_NAAUextentity@@AAUivec@@1@Z 00418cbd f   world.obj
 0001:00017e5e       ?freeoctaentities@@YAXAAUcube@@@Z 00418e5e f   world.obj
 0001:00017f01       ?entitiesinoctanodes@@YAXXZ 00418f01 f   world.obj
 0001:00017f2f       ?closestent@@YAHXZ         00418f2f f   world.obj
 0001:00017fc1       ?pointinsel@@YA_NAAUselinfo@@AAUvec@@@Z 00418fc1 f   world.obj
 0001:00018068       ?initundoent@@YAXAAUundoblock@@@Z 00419068 f   world.obj
 0001:0001811d       ?makeundoent@@YAXXZ        0041911d f   world.obj
 0001:0001814d       ?pasteundoents@@YAXAAUundoblock@@@Z 0041914d f   world.obj
 0001:000181d5       ?entflip@@YAXXZ            004191d5 f   world.obj
 0001:0001828f       ?entrotate@@YAXPAH@Z       0041928f f   world.obj
 0001:000183f1       ?entdrag@@YAXABUvec@@HAAUivec@@_N@Z 004193f1 f   world.obj
 0001:000185fa       ?enttoggle@@YA_NH@Z        004195fa f   world.obj
 0001:0001864c       ?var_entmoving@@YAXXZ      0041964c f   world.obj
 0001:000186c5       ?entpush@@YAXPAH@Z         004196c5 f   world.obj
 0001:000188bc       ?delent@@YAXXZ             004198bc f   world.obj
 0001:000189d3       ?findtype@@YAHPAD@Z        004199d3 f   world.obj
 0001:00018a1f       ?dropentity@@YA_NAAUentity@@H@Z 00419a1f f   world.obj
 0001:00018bbf       ?dropent@@YAXXZ            00419bbf f   world.obj
 0001:00018ce7       ?newentity@@YAPAUextentity@@_NABUvec@@HHHHH@Z 00419ce7 f   world.obj
 0001:00018d93       ?newentity@@YAXHHHHH@Z     00419d93 f   world.obj
 0001:00018e30       ?newent@@YAXPADPAH111@Z    00419e30 f   world.obj
 0001:00018e6e       ?entcopy@@YAXXZ            00419e6e f   world.obj
 0001:00018f48       ?entpaste@@YAXXZ           00419f48 f   world.obj
 0001:000190d0       ?entset@@YAXPADPAH111@Z    0041a0d0 f   world.obj
 0001:00019250       ??0cmd_enthavesel@@QAE@XZ  0041a250 f i world.obj
 0001:000192c6       ?run@cmd_enthavesel@@UAEXPAPAD@Z 0041a2c6 f i world.obj
 0001:000192d5       ??0cmd_entselect@@QAE@XZ   0041a2d5 f i world.obj
 0001:0001934b       ?run@cmd_entselect@@UAEXPAPAD@Z 0041a34b f i world.obj
 0001:000193cb       ??0cmd_entloop@@QAE@XZ     0041a3cb f i world.obj
 0001:00019441       ?run@cmd_entloop@@UAEXPAPAD@Z 0041a441 f i world.obj
 0001:00019541       ??0cmd_insel@@QAE@XZ       0041a541 f i world.obj
 0001:000195b7       ?run@cmd_insel@@UAEXPAPAD@Z 0041a5b7 f i world.obj
 0001:000195e5       ??0cmd_entget@@QAE@XZ      0041a5e5 f i world.obj
 0001:0001965b       ?run@cmd_entget@@UAEXPAPAD@Z 0041a65b f i world.obj
 0001:000196cf       ?findentity@@YAHHH@Z       0041a6cf f   world.obj
 0001:00019726       ?findplayerspawn@@YAXPAUdynent@@H@Z 0041a726 f   world.obj
 0001:000197f3       ?splitocta@@YAXPAUcube@@H@Z 0041a7f3 f   world.obj
 0001:00019840       ?emptymap@@YA_NH_N@Z       0041a840 f   world.obj
 0001:000199ea       ?enlargemap@@YA_N_N@Z      0041a9ea f   world.obj
 0001:00019a72       ?newmap@@YAXPAH@Z          0041aa72 f   world.obj
 0001:00019a9c       ?mapenlarge@@YAXXZ         0041aa9c f   world.obj
 0001:00019b22       ?mpeditent@@YAXHABUvec@@HHHHH_N@Z 0041ab22 f   world.obj
 0001:00019c03       ?insideworld@@YA_NABUvec@@@Z 0041ac03 f   world.obj
 0001:00019c34       ?unlocktriggers@@YAXHHH@Z  0041ac34 f   world.obj
 0001:00019ce0       ?trigger@@YAXPAH0@Z        0041ace0 f   world.obj
 0001:00019d02       ?doleveltrigger@@YAXHH@Z   0041ad02 f   world.obj
 0001:00019d57       ?checktriggers@@YAXXZ      0041ad57 f   world.obj
 0001:0001a051       ?remove@?$vector@PAUrpgobj@rpgclient@@@@QAEPAUrpgobj@rpgclient@@H@Z 0041b051 f i rpg.obj
 0001:0001a051       ?remove@?$vector@H@@QAEHH@Z 0041b051 f i world.obj
 0001:0001a074       ?removeobj@?$vector@H@@QAEXABH@Z 0041b074 f i world.obj
 0001:0001a09d       ?removeobj@?$vector@PAUoctaentities@@@@QAEXABQAUoctaentities@@@Z 0041b09d f i world.obj
 0001:0001a09d       ?removeobj@?$vector@PAUvtxarray@@@@QAEXABQAUvtxarray@@@Z 0041b09d f i octarender.obj
 0001:0001a0e0       ?vrealloc@?$vector@Uentity@@@@QAEXXZ 0041b0e0 f i world.obj
 0001:0001a12d       ?s_strcpy@@YAPADPADPBD@Z   0041b12d f i worldio.obj
 0001:0001a14a       ?setnames@@YAXPBD0@Z       0041b14a f   worldio.obj
 0001:0001a2dc       ?readushort@@YAGPAX@Z      0041b2dc f   worldio.obj
 0001:0001a2f8       ?writeushort@@YAXPAXG@Z    0041b2f8 f   worldio.obj
 0001:0001a30d       ?savec@@YAXPAUcube@@PAX_N@Z 0041b30d f   worldio.obj
 0001:0001a61c       ?loadc@@YAXPAXAAUcube@@@Z  0041b61c f   worldio.obj
 0001:0001a910       ?loadchildren@@YAPAUcube@@PAX@Z 0041b910 f   worldio.obj
 0001:0001a939       ?save_world@@YAXPAD_N@Z    0041b939 f   worldio.obj
 0001:0001acbd       ?swapXZ@@YAXPAUcube@@@Z    0041bcbd f   worldio.obj
 0001:0001ad77       ?load_world@@YAXPBD0@Z     0041bd77 f   worldio.obj
 0001:0001b592       ?savecurrentmap@@YAXXZ     0041c592 f   worldio.obj
 0001:0001b5a8       ?savemap@@YAXPAD@Z         0041c5a8 f   worldio.obj
 0001:0001b5b6       ?multiplayer@@YA_N_N@Z     0041c5b6 f   client.obj
 0001:0001b5dd       ?setrate@@YAXH@Z           0041c5dd f   client.obj
 0001:0001b603       ?var_rate@@YAXXZ           0041c603 f   client.obj
 0001:0001b608       ?var_throttle_decel@@YAXXZ 0041c608 f   client.obj
 0001:0001b608       ?var_throttle_interval@@YAXXZ 0041c608 f   client.obj
 0001:0001b608       ?var_throttle_accel@@YAXXZ 0041c608 f   client.obj
 0001:0001b60d       ?throttle@@YAXXZ           0041c60d f   client.obj
 0001:0001b636       ?connects@@YAXPAD@Z        0041c636 f   client.obj
 0001:0001b705       ?lanconnect@@YAXXZ         0041c705 f   client.obj
 0001:0001b70e       ?disconnect@@YAXHH@Z       0041c70e f   client.obj
 0001:0001b7d0       ?trydisconnect@@YAXXZ      0041c7d0 f   client.obj
 0001:0001b81e       ?sendpackettoserv@@YAXPAU_ENetPacket@@H@Z 0041c81e f   client.obj
 0001:0001b84c       ?c2sinfo@@YAXPAUdynent@@H@Z 0041c84c f   client.obj
 0001:0001b900       ?neterr@@YAXPAD@Z          0041c900 f   client.obj
 0001:0001b91b       ?localservertoclient@@YAXHPAEH@Z 0041c91b f   client.obj
 0001:0001b946       ?gets2c@@YAXXZ             0041c946 f   client.obj
 0001:0001ba8b       ?gensboxes@tiger@@SAXXZ    0041ca8b f i crypto.obj
 0001:0001bb88       ?compress@tiger@@SAXPB_KQA_K@Z 0041cb88 f i crypto.obj
 0001:0001c663       ?hash@tiger@@SAXPBEHAAThashval@1@@Z 0041d663 f i crypto.obj
 0001:0001c831       ??0gfield@@QAE@PBD@Z       0041d831 f i crypto.obj
 0001:0001c84d       ?invert@gfield@@QAE_NABU1@@Z 0041d84d f i crypto.obj
 0001:0001ca56       ?sqrt@gfield@@QAE_NABU1@@Z 0041da56 f i crypto.obj
 0001:0001cb07       ?mul2@ecjacobian@@QAEXXZ   0041db07 f i crypto.obj
 0001:0001cc1f       ?add@ecjacobian@@QAEXABU1@@Z 0041dc1f f i crypto.obj
 0001:0001ce2e       ?normalize@ecjacobian@@QAEXXZ 0041de2e f i crypto.obj
 0001:0001cea9       ?calcy@ecjacobian@@QAE_N_N@Z 0041dea9 f i crypto.obj
 0001:0001cf24       ?write@ecjacobian@@QAEXAAU?$vector@E@@@Z 0041df24 f i crypto.obj
 0001:0001cfa5       ?read@ecjacobian@@QAEXABU?$vector@E@@@Z 0041dfa5 f i crypto.obj
 0001:0001d050       ?testgf@@YAXPAD@Z          0041e050 f   crypto.obj
 0001:0001d95e       ?testcurve@@YAXPAD@Z       0041e95e f   crypto.obj
 0001:0001defd       ?hasbit@?$bigint@$00@@QBE_NH@Z 0041eefd f i crypto.obj
 0001:0001defd       ?hasbit@?$bigint@$0N@@@QBE_NH@Z 0041eefd f i crypto.obj
 0001:0001df2b       ??0?$vector@E@@QAE@XZ      0041ef2b f i crypto.obj
 0001:0001df41       ?add@?$vector@E@@QAEAAEABE@Z 0041ef41 f i crypto.obj
 0001:0001df41       ?add@?$vector@D@@QAEAADABD@Z 0041ef41 f i worldio.obj
 0001:0001df6f       ?shrink@?$bigint@$0N@@@QAEXXZ 0041ef6f f i crypto.obj
 0001:0001df86       ??$?M$0N@@?$bigint@$0N@@@QBE_NABU0@@Z 0041ef86 f i crypto.obj
 0001:0001dfc7       ??$sub@$0N@$0N@@?$bigint@$0N@@@QAEAAU0@ABU0@0@Z 0041efc7 f i crypto.obj
 0001:0001e061       ??$legendre@$0N@@gfield@@SAHABU?$bigint@$0N@@@@Z 0041f061 f i crypto.obj
 0001:0001e0f4       ??$pow@$0N@$0N@@gfield@@QAEAAU0@ABU?$bigint@$0N@@@0@Z 0041f0f4 f i crypto.obj
 0001:0001e178       ??$sub@$0N@$0N@@gfield@@QAEAAU0@ABU?$bigint@$0N@@@0@Z 0041f178 f i crypto.obj
 0001:0001e1b5       ??$mul@$0N@$0N@@gfield@@QAEAAU0@ABU?$bigint@$0N@@@0@Z 0041f1b5 f i crypto.obj
 0001:0001e1d9       ??$add@$0N@$0N@@gfield@@QAEAAU0@ABU?$bigint@$0N@@@0@Z 0041f1d9 f i crypto.obj
 0001:0001e201       ??$sub@$0EA@$0EA@@?$bigint@$0EA@@@QAEAAU0@ABU0@0@Z 0041f201 f i crypto.obj
 0001:0001e2e4       ??$mul@$0M@@ecjacobian@@QAEXU?$bigint@$0M@@@@Z 0041f2e4 f i crypto.obj
 0001:0001e316       ??$?8$0N@@?$bigint@$0N@@@QBE_NABU0@@Z 0041f316 f i crypto.obj
 0001:0001e340       ??$mul@$0N@@ecjacobian@@QAEXU?$bigint@$0N@@@@Z 0041f340 f i crypto.obj
 0001:0001e3a1       ??$rshift@$0N@@?$bigint@$0N@@@QAEAAU0@ABU0@H@Z 0041f3a1 f i crypto.obj
 0001:0001e468       ??$rshift@$0EA@@?$bigint@$0EA@@@QAEAAU0@ABU0@H@Z 0041f468 f i crypto.obj
 0001:0001e536       ??$lshift@$0EA@@?$bigint@$0EA@@@QAEAAU0@ABU0@H@Z 0041f536 f i crypto.obj
 0001:0001e5f4       ?numbits@?$bigint@$0N@@@QBEHXZ 0041f5f4 f i crypto.obj
 0001:0001e5f4       ?numbits@?$bigint@$0EA@@@QBEHXZ 0041f5f4 f i crypto.obj
 0001:0001e627       ??$mul@$0N@$0N@@?$bigint@$0BK@@@QAEAAU0@ABU?$bigint@$0N@@@0@Z 0041f627 f i crypto.obj
 0001:0001e6f0       ??$reduce@$0BK@@gfield@@QAEXABU?$bigint@$0BK@@@@Z 0041f6f0 f i crypto.obj
 0001:0001e8b8       ??$add@$0N@$0N@@?$bigint@$0N@@@QAEAAU0@ABU0@0@Z 0041f8b8 f i crypto.obj
 0001:0001e8b8       ??$add@$0EA@$0EA@@?$bigint@$0EA@@@QAEAAU0@ABU0@0@Z 0041f8b8 f i crypto.obj
 0001:0001e8b8       ??$add@$0N@$00@?$bigint@$0N@@@QAEAAU0@ABU0@ABU?$bigint@$00@@@Z 0041f8b8 f i crypto.obj
 0001:0001e95d       ??$pow@$0N@$00@gfield@@QAEAAU0@ABU?$bigint@$0N@@@ABU?$bigint@$00@@@Z 0041f95d f i crypto.obj
 0001:0001ea0b       ??$mul@$0M@@ecjacobian@@QAEXABU0@U?$bigint@$0M@@@@Z 0041fa0b f i crypto.obj
 0001:0001ea99       ??$sub@$0N@$00@?$bigint@$0N@@@QAEAAU0@ABU0@ABU?$bigint@$00@@@Z 0041fa99 f i crypto.obj
 0001:0001eb66       ?putint@@YAXAAU?$databuf@E@@H@Z 0041fb66 f   server.obj
 0001:0001ebf3       ?getint@@YAHAAU?$databuf@E@@@Z 0041fbf3 f   server.obj
 0001:0001ec58       ?putuint@@YAXAAU?$databuf@E@@H@Z 0041fc58 f   server.obj
 0001:0001ecf0       ?getuint@@YAHAAU?$databuf@E@@@Z 0041fcf0 f   server.obj
 0001:0001ed59       ?sendstring@@YAXPBDAAU?$databuf@E@@@Z 0041fd59 f   server.obj
 0001:0001ed7a       ?getstring@@YAXPADAAU?$databuf@E@@H@Z 0041fd7a f   server.obj
 0001:0001edae       ?sendfile@@YAXHHPAU_iobuf@@@Z 0041fdae f   server.obj
 0001:0001ee67       ?getinfo@@YAPAXH@Z         0041fe67 f   server.obj
 0001:0001ee8b       ?getclientip@@YAIH@Z       0041fe8b f   server.obj
 0001:0001eeaf       ?sendpacket@@YAXHHPAU_ENetPacket@@@Z 0041feaf f   server.obj
 0001:0001eeee       ?sendf@@YAXHHPBDZZ         0041feee f   server.obj
 0001:0001effb       ?disconnect_client@@YAXHH@Z 0041fffb f   server.obj
 0001:0001f095       ?process@@YAXPAU_ENetPacket@@HH@Z 00420095 f   server.obj
 0001:0001f0e4       ?send_welcome@@YAXH@Z      004200e4 f   server.obj
 0001:0001f156       ?addclient@@YAAAUclient@@XZ 00420156 f   server.obj
 0001:0001f23f       ?sendpongs@@YAXXZ          0042023f f   server.obj
 0001:0001f2f1       ?httpgetsend@@YAXAAU_ENetAddress@@PAD111@Z 004202f1 f   server.obj
 0001:0001f3d2       ?httpgetreceive@@YAXAAUENetBuffer@@@Z 004203d2 f   server.obj
 0001:0001f436       ?stripheader@@YAPAEPAE@Z   00420436 f   server.obj
 0001:0001f45d       ?checkmasterreply@@YAXXZ   0042045d f   server.obj
 0001:0001f4a3       ?retrieveservers@@YAPAEPAEH@Z 004204a3 f   server.obj
 0001:0001f525       ?serverslice@@YAXHI@Z      00420525 f   server.obj
 0001:0001f796       ?cleanupserver@@YAXXZ      00420796 f   server.obj
 0001:0001f7a8       ?localdisconnect@@YAXXZ    004207a8 f   server.obj
 0001:0001f7e2       ?localconnect@@YAXXZ       004207e2 f   server.obj
 0001:0001f819       ?registergame@@YAXPADPAUigame@@@Z 00420819 f   server.obj
 0001:0001f876       ?initgame@@YAXPAD@Z        00420876 f   server.obj
 0001:0001f8ee       ?initserver@@YAX_N@Z       004208ee f   server.obj
 0001:0001fa94       ?serveroption@@YA_NPAD@Z   00420a94 f   server.obj
 0001:0001fb37       ?get@?$databuf@E@@QAEABEXZ 00420b37 f i server.obj
 0001:0001fb52       ?put@?$databuf@E@@QAEXABE@Z 00420b52 f i server.obj
 0001:0001fb6c       ?resolverloop@@YAHPAX@Z    00420b6c f   serverbrowser.obj
 0001:0001fc97       ?resolverinit@@YAXXZ       00420c97 f   serverbrowser.obj
 0001:0001fd4e       ?resolverstop@@YAXAAUresolverthread@@@Z 00420d4e f   serverbrowser.obj
 0001:0001fd8c       ?resolverclear@@YAXXZ      00420d8c f   serverbrowser.obj
 0001:0001fdf8       ?resolverquery@@YAXPBD@Z   00420df8 f   serverbrowser.obj
 0001:0001fe35       ?resolvercheck@@YA_NPAPBDPAU_ENetAddress@@@Z 00420e35 f   serverbrowser.obj
 0001:0001fed2       ?resolverwait@@YA_NPBDPAU_ENetAddress@@@Z 00420ed2 f   serverbrowser.obj
 0001:00020093       ?addserver@@YAXPAD@Z       00421093 f   serverbrowser.obj
 0001:00020119       ?pingservers@@YAXXZ        00421119 f   serverbrowser.obj
 0001:000201db       ?checkresolver@@YAXXZ      004211db f   serverbrowser.obj
 0001:000202b0       ?checkpings@@YAXXZ         004212b0 f   serverbrowser.obj
 0001:00020421       ?sicompare@@YAHPAUserverinfo@@0@Z 00421421 f   serverbrowser.obj
 0001:000204b7       ?refreshservers@@YAXXZ     004214b7 f   serverbrowser.obj
 0001:000205c0       ?showservers@@YAPBDPAUg3d_gui@@@Z 004215c0 f   serverbrowser.obj
 0001:00020631       ?updatefrommaster@@YAXXZ   00421631 f   serverbrowser.obj
 0001:0002069a       ?writeservercfg@@YAXXZ     0042169a f   serverbrowser.obj
 0001:00020702       ?add@?$vector@PBD@@QAEAAPBDABQBD@Z 00421702 f i serverbrowser.obj
 0001:00020745       ?add@?$vector@Userverinfo@@@@QAEAAUserverinfo@@XZ 00421745 f i serverbrowser.obj
 0001:000207b7       ?setsize@?$vector@Userverinfo@@@@QAEXH@Z 004217b7 f i serverbrowser.obj
 0001:000207fc       ?vrealloc@?$vector@PBD@@QAEXXZ 004217fc f i serverbrowser.obj
 0001:00020849       ?vrealloc@?$vector@Uresolverresult@@@@QAEXXZ 00421849 f i serverbrowser.obj
 0001:00020896       ?vrealloc@?$vector@Userverinfo@@@@QAEXXZ 00421896 f i serverbrowser.obj
 0001:000208e9       _enet_malloc               004218e9 f   callbacks.obj
 0001:00020905       _enet_host_create          00421905 f   host.obj
 0001:00020a44       _enet_host_destroy         00421a44 f   host.obj
 0001:00020a8e       _enet_host_connect         00421a8e f   host.obj
 0001:00020c0f       _enet_host_broadcast       00421c0f f   host.obj
 0001:00020c62       _enet_host_bandwidth_throttle 00421c62 f   host.obj
 0001:00020f65       _enet_packet_create        00421f65 f   packet.obj
 0001:00020fba       _enet_packet_destroy       00421fba f   packet.obj
 0001:00020fde       _enet_packet_resize        00421fde f   packet.obj
 0001:0002101e       _enet_peer_throttle_configure 0042201e f   peer.obj
 0001:00021075       _enet_peer_throttle        00422075 f   peer.obj
 0001:000210ca       _enet_peer_send            004220ca f   peer.obj
 0001:0002122e       _enet_peer_receive         0042222e f   peer.obj
 0001:00021352       _enet_peer_reset_queues    00422352 f   peer.obj
 0001:000213ef       _enet_peer_reset           004223ef f   peer.obj
 0001:000214c3       _enet_peer_disconnect      004224c3 f   peer.obj
 0001:0002154d       _enet_peer_queue_acknowledgement 0042254d f   peer.obj
 0001:00021585       _enet_peer_queue_outgoing_command 00422585 f   peer.obj
 0001:00021678       _enet_peer_queue_incoming_command 00422678 f   peer.obj
 0001:00022fcb       _enet_host_flush           00423fcb f   protocol.obj
 0001:00022fe5       _enet_host_service         00423fe5 f   protocol.obj
 0001:00023165       _enet_initialize           00424165 f   win32.obj
 0001:000231aa       _enet_deinitialize         004241aa f   win32.obj
 0001:000231b8       _enet_time_get             004241b8 f   win32.obj
 0001:000231c5       _enet_address_set_host     004241c5 f   win32.obj
 0001:000231f8       _enet_address_get_host     004241f8 f   win32.obj
 0001:00023243       _enet_socket_create        00424243 f   win32.obj
 0001:00023352       _enet_socket_connect       00424352 f   win32.obj
 0001:0002339f       _enet_socket_send          0042439f f   win32.obj
 0001:0002340f       _enet_socket_receive       0042440f f   win32.obj
 0001:00023495       _enet_socket_wait          00424495 f   win32.obj
 0001:00023545       _atan2f                    00424545 f i 3dgui.obj
 0001:00023568       ??1g3d_gui@@UAE@XZ         00424568 f i 3dgui.obj
 0001:0002356f       ??_Gg3d_gui@@UAEPAXI@Z     0042456f f i 3dgui.obj
 0001:0002356f       ??_Eg3d_gui@@UAEPAXI@Z     0042456f f i  CIL library: CIL module
 0001:0002358c       ?autotab@gui@@QAEXXZ       0042458c f i 3dgui.obj
 0001:000235dc       ?visible@gui@@QAE_NXZ      004245dc f i 3dgui.obj
 0001:000235ff       ?tab@gui@@UAEXPBDH@Z       004245ff f i 3dgui.obj
 0001:0002378a       ?pushlist@gui@@UAEXXZ      0042478a f i 3dgui.obj
 0001:0002383e       ?poplist@gui@@UAEXXZ       0042483e f i 3dgui.obj
 0001:000238c6       ?text@gui@@UAEHPBDH0@Z     004248c6 f i 3dgui.obj
 0001:000238e8       ?button@gui@@UAEHPBDH0@Z   004248e8 f i 3dgui.obj
 0001:0002390a       ?title@gui@@UAEHPBDH0@Z    0042490a f i 3dgui.obj
 0001:0002392c       ?separator@gui@@UAEXXZ     0042492c f i 3dgui.obj
 0001:00023945       ?progress@gui@@UAEXM@Z     00424945 f i 3dgui.obj
 0001:00023962       ?strut@gui@@UAEXH@Z        00424962 f i 3dgui.obj
 0001:00023995       ?layout@gui@@QAEHHH@Z      00424995 f i 3dgui.obj
 0001:00023a1d       ?ishit@gui@@QAE_NHHHH@Z    00424a1d f i 3dgui.obj
 0001:00023a9e       ?image@gui@@UAEHPBDM_N@Z   00424a9e f i 3dgui.obj
 0001:00023b3c       ?slider@gui@@UAEXAAHHHH@Z  00424b3c f i 3dgui.obj
 0001:00023cc2       ?rect_@gui@@QAEXMMMMH@Z    00424cc2 f i 3dgui.obj
 0001:00023db4       ?text_@gui@@QAEXPBDHHH_N@Z 00424db4 f i 3dgui.obj
 0001:00023e00       ?icon_@gui@@QAEXPAUTexture@@_NHHH1@Z 00424e00 f i 3dgui.obj
 0001:00023fbb       ?line_@gui@@QAEXHM@Z       00424fbb f i 3dgui.obj
 0001:0002418f       ?button_@gui@@QAEHPBDH0_N1@Z 0042518f f i 3dgui.obj
 0001:000242c4       ?skin_@gui@@QAEXHHHHHH@Z   004252c4 f i 3dgui.obj
 0001:00024633       ?start@gui@@UAEXHMPAH_N@Z  00425633 f i 3dgui.obj
 0001:000248c1       ?end@gui@@UAEXXZ           004258c1 f i 3dgui.obj
 0001:00024b24       ?g3d_addgui@@YAXPAUg3d_callback@@AAUvec@@@Z 00425b24 f   3dgui.obj
 0001:00024b5b       ?g3d_sort@@YAHPAUgui@@0@Z  00425b5b f   3dgui.obj
 0001:00024b7e       ?g3d_windowhit@@YA_N_N0@Z  00425b7e f   3dgui.obj
 0001:00024bbb       ?g3d_render@@YAXXZ         00425bbb f   3dgui.obj
 0001:00024d26       ?add@?$vector@Ugui@@@@QAEAAUgui@@XZ 00425d26 f i 3dgui.obj
 0001:00024d95       ?setsize@?$vector@Ugui@@@@QAEXH@Z 00425d95 f i 3dgui.obj
 0001:00024dbd       ??_Egui@@UAEPAXI@Z         00425dbd f i  CIL library: CIL module
 0001:00024dbd       ??_Ggui@@UAEPAXI@Z         00425dbd f i 3dgui.obj
 0001:00024df6       ?vrealloc@?$vector@Ulist@gui@@@@QAEXXZ 00425df6 f i 3dgui.obj
 0001:00024e43       ?vrealloc@?$vector@Ugui@@@@QAEXXZ 00425e43 f i 3dgui.obj
 0001:00024e90       ?s_strcat@@YAPADPADPBD@Z   00425e90 f i renderextras.obj
 0001:00024eb1       ?writetgaheader@@YAXPAU_iobuf@@PAUSDL_Surface@@H@Z 00425eb1 f   renderextras.obj
 0001:00024ef9       ?flipnormalmapy@@YAXPAD0@Z 00425ef9 f   renderextras.obj
 0001:00024fa7       ?mergenormalmaps@@YAXPAD0@Z 00425fa7 f   renderextras.obj
 0001:000251d9       ?render2dbox@@YAXAAUvec@@MMM@Z 004261d9 f   renderextras.obj
 0001:0002528b       ?render3dbox@@YAXAAUvec@@MMMM@Z 0042628b f   renderextras.obj
 0001:000253e2       ?blendbox@@YAXHHHH_N@Z     004263e2 f   renderextras.obj
 0001:000254ff       ?renderspheres@@YAXH@Z     004264ff f   renderextras.obj
 0001:000257a8       ?entname@@YAPADAAUentity@@@Z 004267a8 f   renderextras.obj
 0001:00025803       ?renderents@@YAXXZ         00426803 f   renderextras.obj
 0001:00025992       ?aimat@@YAXXZ              00426992 f   renderextras.obj
 0001:00025a9b       ?gl_drawhud@@YAXHHHHH_N@Z  00426a9b f   renderextras.obj
 0001:0002607b       ?add@?$vector@Usphere@@@@QAEAAUsphere@@ABU2@@Z 0042707b f i renderextras.obj
 0001:000260c2       ?remove@?$vector@Usphere@@@@QAE?AUsphere@@H@Z 004270c2 f i renderextras.obj
 0001:00026112       ?vrealloc@?$vector@Usphere@@@@QAEXXZ 00427112 f i renderextras.obj
 0001:0002615f       ?newstring@@YAPADPBDI@Z    0042715f f i rendergl.obj
 0001:0002617a       ?lookupshaderbyname@@YAPAUShader@@PBD@Z 0042717a f   rendergl.obj
 0001:00026188       ?compileshader@@YAXHAAIPAD11@Z 00427188 f   rendergl.obj
 0001:0002623e       ?shader@@YAXPAHPAD11@Z     0042723e f   rendergl.obj
 0001:00026306       ?setshader@@YAXPAD@Z       00427306 f   rendergl.obj
 0001:0002633d       ?fastshader@@YAXPAD0PAH@Z  0042733d f   rendergl.obj
 0001:0002638c       ?setshaderparam@@YAXHHMMMM@Z 0042738c f   rendergl.obj
 0001:00026415       ?setvertexparam@@YAXPAHPAM111@Z 00427415 f   rendergl.obj
 0001:00026451       ?setpixelparam@@YAXPAHPAM111@Z 00427451 f   rendergl.obj
 0001:0002648e       ?gl_init@@YAXHHHHH@Z       0042748e f   rendergl.obj
 0001:00026b95       ?texrotate@@YAPAUSDL_Surface@@PAU1@HH@Z 00427b95 f   rendergl.obj
 0001:00026d10       ?texoffset@@YAPAUSDL_Surface@@PAU1@HH@Z 00427d10 f   rendergl.obj
 0001:00026e19       ?createtexture@@YAXHHHPAX_N1II@Z 00427e19 f   rendergl.obj
 0001:00027199       ?textureload@@YAPAUTexture@@PBD_N11@Z 00428199 f   rendergl.obj
 0001:00027206       ?cubemapfromsky@@YAIH@Z    00428206 f   rendergl.obj
 0001:000272f7       ?cleangl@@YAXXZ            004282f7 f   rendergl.obj
 0001:0002737d       ?settexture@@YAXPBD@Z      0042837d f   rendergl.obj
 0001:0002739e       ??0Slot@@QAE@XZ            0042839e f i rendergl.obj
 0001:000273e8       ??1Slot@@QAE@XZ            004283e8 f i rendergl.obj
 0001:00027436       ?texturereset@@YAXXZ       00428436 f   rendergl.obj
 0001:00027442       ?materialreset@@YAXXZ      00428442 f   rendergl.obj
 0001:0002746c       ?findshaderparam@@YAPAUShaderParam@@AAUSlot@@HH@Z 0042846c f   rendergl.obj
 0001:000274ae       ?texture@@YAXPAD0PAH11@Z   004284ae f   rendergl.obj
 0001:00027f69       ?lookuptexture@@YAAAUSlot@@H_N@Z 00428f69 f   rendergl.obj
 0001:00028002       ?var_wireframe@@YAXXZ      00429002 f   rendergl.obj
 0001:00028016       ?transplayer@@YAXXZ        00429016 f   rendergl.obj
 0001:000280ea       ?drawskylimits@@YAX_NM@Z   004290ea f   rendergl.obj
 0001:00028143       ?drawskyoutline@@YAXXZ     00429143 f   rendergl.obj
 0001:000281dd       ?drawskybox@@YAXH_NM@Z     004291dd f   rendergl.obj
 0001:000283c5       ?limitsky@@YA_NXZ          004293c5 f   rendergl.obj
 0001:00028423       ?setfullscreenshader@@YAXPADPAH111@Z 00429423 f   rendergl.obj
 0001:0002851f       ?renderfsquad@@YAXHHPAUShader@@@Z 0042951f f   rendergl.obj
 0001:000285d8       ?renderfullscreenshader@@YAXHH@Z 004295d8 f   rendergl.obj
 0001:00028869       ?isthirdperson@@YA_NXZ     00429869 f   rendergl.obj
 0001:000288a1       ?recomputecamera@@YAXXZ    004298a1 f   rendergl.obj
 0001:00028999       ?project@@YAXMMH@Z         00429999 f   rendergl.obj
 0001:000289df       ?genclipmatrix@@YAXMMMMQAM@Z 004299df f   rendergl.obj
 0001:00028aec       ?setclipmatrix@@YAXQAM@Z   00429aec f   rendergl.obj
 0001:00028b13       ?undoclipmatrix@@YAXXZ     00429b13 f   rendergl.obj
 0001:00028b30       ?setfogplane@@YAXMM@Z      00429b30 f   rendergl.obj
 0001:00028b78       ?drawreflection@@YAXM_N0@Z 00429b78 f   rendergl.obj
 0001:0002919d       ?drawcubemap@@YAXHABUvec@@MM@Z 0042a19d f   rendergl.obj
 0001:00029369       ?gl_drawframe@@YAXHHM@Z    0042a369 f   rendergl.obj
 0001:00029693       ??0?$vector@UShaderParam@@@@QAE@XZ 0042a693 f i rendergl.obj
 0001:000296ae       ?add@?$vector@UShaderParam@@@@QAEAAUShaderParam@@ABU2@@Z 0042a6ae f i rendergl.obj
 0001:000296e5       ?add@?$vector@USlot@@@@QAEAAUSlot@@XZ 0042a6e5 f i rendergl.obj
 0001:00029743       ?setsize@?$vector@USlot@@@@QAEXH@Z 0042a743 f i rendergl.obj
 0001:00029765       ?vrealloc@?$vector@UShaderParam@@@@QAEXXZ 0042a765 f i rendergl.obj
 0001:000297ab       ?find@?$hashtable@PBDUShader@@@@QAEPAUchain@1@ABQBD_N@Z 0042a7ab f i rendergl.obj
 0001:0002980a       ?find@?$hashtable@PADUTexture@@@@QAEPAUchain@1@ABQAD_N@Z 0042a80a f i rendergl.obj
 0001:000298bd       ?vrealloc@?$vector@USlot@@@@QAEXXZ 0042a8bd f i rendergl.obj
 0001:0002990a       ?insert@?$hashtable@PBDUShader@@@@QAEPAUchain@1@ABQBDI@Z 0042a90a f i rendergl.obj
 0001:000299b4       ??0chain@?$hashtable@PBDUShader@@@@QAE@XZ 0042a9b4 f i rendergl.obj
 0001:000299e2       ??1chain@?$hashtable@PBDUShader@@@@QAE@XZ 0042a9e2 f i rendergl.obj
 0001:00029a06       ??1Shader@@QAE@XZ          0042aa06 f i rendergl.obj
 0001:00029a39       ?rotate_around_z@vec@@QAEXM@Z 0042aa39 f i rendermodel.obj
 0001:00029a9f       ?rotate_around_y@vec@@QAEXM@Z 0042aa9f f i rendermodel.obj
 0001:00029b05       ??1model@@UAE@XZ           0042ab05 f i rendermodel.obj
 0001:00029b21       ?setshader@model@@QAEXXZ   0042ab21 f i rendermodel.obj
 0001:00029cb5       ??_Gmodel@@UAEPAXI@Z       0042acb5 f i rendermodel.obj
 0001:00029cb5       ??_Emodel@@UAEPAXI@Z       0042acb5 f i  CIL library: CIL module
 0001:00029cd1       ?link@triangle@tristrip@@QAE_NGG@Z 0042acd1 f i rendermodel.obj
 0001:00029d0f       ?addtriangles@tristrip@@QAEXPBGH@Z 0042ad0f f i rendermodel.obj
 0001:00029ded       ?findconnectivity@tristrip@@QAEXXZ 0042aded f i rendermodel.obj
 0001:0002a00e       ?removeconnectivity@tristrip@@QAEXG@Z 0042b00e f i rendermodel.obj
 0001:0002a0be       ?findedge@tristrip@@QAEHABUtriangle@1@0G@Z 0042b0be f i rendermodel.obj
 0001:0002a0ef       ?nexttriangle@tristrip@@QAEGAAUtriangle@1@AA_NGG@Z 0042b0ef f i rendermodel.obj
 0001:0002a234       ?buildstrip@tristrip@@QAEXAAU?$vector@G@@_N@Z 0042b234 f i rendermodel.obj
 0001:0002a3d2       ?buildstrips@tristrip@@QAEXAAU?$vector@G@@_N1@Z 0042b3d2 f i rendermodel.obj
 0001:0002a528       ?setframes@anpos@vertmodel@@QAEXABUanimstate@@@Z 0042b528 f i rendermodel.obj
 0001:0002a5d7       ??0mesh@vertmodel@@QAE@XZ  0042b5d7 f i rendermodel.obj
 0001:0002a604       ??1mesh@vertmodel@@QAE@XZ  0042b604 f i rendermodel.obj
 0001:0002a695       ?genva@mesh@vertmodel@@QAEX_N@Z 0042b695 f i rendermodel.obj
 0001:0002aa0c       ?calcbb@mesh@vertmodel@@QAEXHAAUvec@@0QAM@Z 0042ba0c f i rendermodel.obj
 0001:0002aabe       ?gentris@mesh@vertmodel@@QAEXHAAU?$vector@Utriangle@@@@QAM@Z 0042babe f i rendermodel.obj
 0001:0002ac3f       ?gendynverts@mesh@vertmodel@@QAEXAAUanpos@2@PAU32@M@Z 0042bc3f f i rendermodel.obj
 0001:0002aedc       ?bindskin@mesh@vertmodel@@QAEXXZ 0042bedc f i rendermodel.obj
 0001:0002af87       ?render@mesh@vertmodel@@QAEXAAUanimstate@@AAUanpos@2@PAU42@M@Z 0042bf87 f i rendermodel.obj
 0001:0002b142       ??0tag@vertmodel@@QAE@XZ   0042c142 f i rendermodel.obj
 0001:0002b148       ??1tag@vertmodel@@QAE@XZ   0042c148 f i rendermodel.obj
 0001:0002b15d       ??0part@vertmodel@@QAE@XZ  0042c15d f i rendermodel.obj
 0001:0002b1b1       ??1part@vertmodel@@UAE@XZ  0042c1b1 f i rendermodel.obj
 0001:0002b26f       ?link@part@vertmodel@@QAE_NPAU12@PBD@Z 0042c26f f i rendermodel.obj
 0001:0002b2ad       ?scaleverts@part@vertmodel@@QAEXMABUvec@@@Z 0042c2ad f i rendermodel.obj
 0001:0002b380       ?calctransform@part@vertmodel@@QAEXAAUtag@2@QAM1@Z 0042c380 f i rendermodel.obj
 0001:0002b3fc       ?calcbb@part@vertmodel@@QAEXHAAUvec@@0QAM@Z 0042c3fc f i rendermodel.obj
 0001:0002b481       ?gentris@part@vertmodel@@QAEXHAAU?$vector@Utriangle@@@@QAM@Z 0042c481 f i rendermodel.obj
 0001:0002b500       ?getdefaultanim@part@vertmodel@@UAEXAAUanimstate@@HHM@Z 0042c500 f i rendermodel.obj
 0001:0002b519       ?calcanimstate@part@vertmodel@@QAE_NHHMHPAUdynent@@AAUanimstate@@@Z 0042c519 f i rendermodel.obj
 0001:0002b6d6       ?render@part@vertmodel@@QAEXHHMHPAUdynent@@@Z 0042c6d6 f i rendermodel.obj
 0001:0002bb20       ?setanim@part@vertmodel@@QAEXHHHM@Z 0042cb20 f i rendermodel.obj
 0001:0002bbe9       ??0vertmodel@@QAE@PBD@Z    0042cbe9 f i rendermodel.obj
 0001:0002bca2       ??1vertmodel@@UAE@XZ       0042cca2 f i rendermodel.obj
 0001:0002bd19       ?name@vertmodel@@UAEPADXZ  0042cd19 f i rendermodel.obj
 0001:0002bd1d       ?gentris@vertmodel@@QAEXHAAU?$vector@Utriangle@@@@@Z 0042cd1d f i rendermodel.obj
 0001:0002bd72       ?setspheretree@vertmodel@@UAEPAUSphereTree@@XZ 0042cd72 f i rendermodel.obj
 0001:0002bdea       ?setskin@vertmodel@@UAEXH@Z 0042cdea f i rendermodel.obj
 0001:0002be38       ?calcbb@vertmodel@@UAEXHAAUvec@@0@Z 0042ce38 f i rendermodel.obj
 0001:0002bf42       ??1tristrip@@QAE@XZ        0042cf42 f i rendermodel.obj
 0001:0002bf9b       ??_Epart@vertmodel@@UAEPAXI@Z 0042cf9b f i  CIL library: CIL module
 0001:0002bf9b       ??_Gpart@vertmodel@@UAEPAXI@Z 0042cf9b f i rendermodel.obj
 0001:0002bfb7       ??_Evertmodel@@UAEPAXI@Z   0042cfb7 f i  CIL library: CIL module
 0001:0002bfb7       ??_Gvertmodel@@UAEPAXI@Z   0042cfb7 f i rendermodel.obj
 0001:0002bfd4       ?gentcverts@md2part@md2@@QAEXPAHAAU?$vector@Utcvert@vertmodel@@@@AAU?$vector@Utri@vertmodel@@@@@Z 0042cfd4 f i rendermodel.obj
 0001:0002c243       ?load@md2part@md2@@QAE_NPAD@Z 0042d243 f i rendermodel.obj
 0001:0002c5f8       ?getdefaultanim@md2part@md2@@UAEXAAUanimstate@@HHM@Z 0042d5f8 f i rendermodel.obj
 0001:0002c653       ?render@md2@@UAEXHHMHMMMMMPAUdynent@@PAUmodel@@@Z 0042d653 f i rendermodel.obj
 0001:0002c760       ?load@md2@@UAE_NXZ         0042d760 f i rendermodel.obj
 0001:0002c99a       ??_Gmd2@@UAEPAXI@Z         0042d99a f i rendermodel.obj
 0001:0002c99a       ??_Gmd3@@UAEPAXI@Z         0042d99a f i rendermodel.obj
 0001:0002c99a       ??_Emd2@@UAEPAXI@Z         0042d99a f i  CIL library: CIL module
 0001:0002c99a       ??_Emd3@@UAEPAXI@Z         0042d99a f i  CIL library: CIL module
 0001:0002c9d3       ??_Gmd3part@md3@@UAEPAXI@Z 0042d9d3 f i rendermodel.obj
 0001:0002c9d3       ??_Emd2part@md2@@UAEPAXI@Z 0042d9d3 f i  CIL library: CIL module
 0001:0002c9d3       ??_Gmd2part@md2@@UAEPAXI@Z 0042d9d3 f i rendermodel.obj
 0001:0002c9d3       ??_Emd3part@md3@@UAEPAXI@Z 0042d9d3 f i  CIL library: CIL module
 0001:0002ca0b       ?md2anim@@YAXPADPAH10@Z    0042da0b f   rendermodel.obj
 0001:0002ca92       ?type@md3@@UAEHXZ          0042da92 f i rendermodel.obj
 0001:0002ca96       ?load@md3part@md3@@QAE_NPAD@Z 0042da96 f i rendermodel.obj
 0001:0002d0ac       ?render@md3@@UAEXHHMHMMMMMPAUdynent@@PAUmodel@@@Z 0042e0ac f i rendermodel.obj
 0001:0002d196       ?load@md3@@UAE_NXZ         0042e196 f i rendermodel.obj
 0001:0002d3db       ??0md3part@md3@@QAE@XZ     0042e3db f i rendermodel.obj
 0001:0002d40e       ?md3load@@YAXPAD@Z         0042e40e f   rendermodel.obj
 0001:0002d4d1       ?md3skin@@YAXPAD00@Z       0042e4d1 f   rendermodel.obj
 0001:0002d5d4       ?md3anim@@YAXPADPAH10@Z    0042e5d4 f   rendermodel.obj
 0001:0002d661       ?md3link@@YAXPAH0PAD@Z     0042e661 f   rendermodel.obj
 0001:0002d6d8       ?mdlcullface@@YAXPAH@Z     0042e6d8 f   rendermodel.obj
 0001:0002d6fb       ?mdlcollide@@YAXPAH@Z      0042e6fb f   rendermodel.obj
 0001:0002d71e       ?mdlspec@@YAXPAH@Z         0042e71e f   rendermodel.obj
 0001:0002d765       ?mdlambient@@YAXPAH@Z      0042e765 f   rendermodel.obj
 0001:0002d7b0       ?mdlshader@@YAXPAD@Z       0042e7b0 f   rendermodel.obj
 0001:0002d7d9       ?mdlscale@@YAXPAH@Z        0042e7d9 f   rendermodel.obj
 0001:0002d824       ?mdltrans@@YAXPAM00@Z      0042e824 f   rendermodel.obj
 0001:0002d867       ?mdlshadow@@YAXPAH@Z       0042e867 f   rendermodel.obj
 0001:0002d88a       ?mdlbb@@YAXPAM00@Z         0042e88a f   rendermodel.obj
 0001:0002d8bb       ?mdlname@@YAXXZ            0042e8bb f   rendermodel.obj
 0001:0002d8de       ?mmodel@@YAXPADPAH@Z       0042e8de f   rendermodel.obj
 0001:0002d928       ?mapmodelcompat@@YAXPAH00PAD1@Z 0042e928 f   rendermodel.obj
 0001:0002d938       ?mapmodelreset@@YAXXZ      0042e938 f   rendermodel.obj
 0001:0002d94a       ?getmminfo@@YAAAUmapmodelinfo@@H@Z 0042e94a f   rendermodel.obj
 0001:0002d966       ?loadmodel@@YAPAUmodel@@PBDH@Z 0042e966 f   rendermodel.obj
 0001:0002dabb       ?modeloccluded@@YA_NABUvec@@M@Z 0042eabb f   rendermodel.obj
 0001:0002db39       ?rendermodel@@YAXAAUvec@@0PBDHHHMMMMMMHPAUdynent@@H1@Z 0042eb39 f   rendermodel.obj
 0001:0002df95       ?findanim@@YAHPBD@Z        0042ef95 f   rendermodel.obj
 0001:0002e029       ?loadskin@@YAXPBD0AAPAUTexture@@1PAUmodel@@@Z 0042f029 f   rendermodel.obj
 0001:0002e234       ?renderclient@@YAXPAUdynent@@PBD1_NHH@Z 0042f234 f   rendermodel.obj
 0001:0002e3e7       ?setbbfrommodel@@YAXPAUdynent@@PAD@Z 0042f3e7 f   rendermodel.obj
 0001:0002e488       ?vectoyawpitch@@YAXABUvec@@AAM1@Z 0042f488 f   rendermodel.obj
 0001:0002e4fc       ?replacewithlast@?$vector@G@@QAEXABG@Z 0042f4fc f i rendermodel.obj
 0001:0002e53b       ??1?$hashtable@Uedge@tristrip@@G@@QAE@XZ 0042f53b f i rendermodel.obj
 0001:0002e53b       ??1?$hashtable@Usortkey@@Usortval@@@@QAE@XZ 0042f53b f i octarender.obj
 0001:0002e53b       ??1?$hashtable@Uivec@@H@@QAE@XZ 0042f53b f i rendermodel.obj
 0001:0002e53b       ??1?$hashtable@PADPAD@@QAE@XZ 0042f53b f i menus.obj
 0001:0002e54e       ??1?$vector@Ubaseinfo@capturestate@fpsserver@@@@QAE@XZ 0042f54e f i fps.obj
 0001:0002e54e       ??1?$vector@Uufval@unionfind@@@@QAE@XZ 0042f54e f i water.obj
 0001:0002e54e       ??1?$vector@PAUworldstate@fpsserver@@@@QAE@XZ 0042f54e f i fps.obj
 0001:0002e54e       ??1?$vector@PAUoctaentities@@@@QAE@XZ 0042f54e f i octarender.obj
 0001:0002e54e       ??1?$vector@Usortkey@@@@QAE@XZ 0042f54e f i octarender.obj
 0001:0002e54e       ??1?$vector@M@@QAE@XZ      0042f54e f i water.obj
 0001:0002e54e       ??1?$vector@Utri@vertmodel@@@@QAE@XZ 0042f54e f i rendermodel.obj
 0001:0002e54e       ??1?$vector@Utcvert@vertmodel@@@@QAE@XZ 0042f54e f i rendermodel.obj
 0001:0002e54e       ??1?$vector@PAUfpsent@@@@QAE@XZ 0042f54e f i fps.obj
 0001:0002e54e       ??1?$vector@PAUphysent@@@@QAE@XZ 0042f54e f i physics.obj
 0001:0002e54e       ??1?$vector@Uvvert@vertmodel@@@@QAE@XZ 0042f54e f i rendermodel.obj
 0001:0002e54e       ??1?$vector@UTex@Slot@@@@QAE@XZ 0042f54e f i rendergl.obj
 0001:0002e54e       ??1?$vector@Ubaseinfo@capturestate@fpsclient@@@@QAE@XZ 0042f54e f i fps.obj
 0001:0002e54e       ??1?$vector@PAUmesh@vertmodel@@@@QAE@XZ 0042f54e f i rendermodel.obj
 0001:0002e54e       ??1?$vector@PAUmaterialsurface@@@@QAE@XZ 0042f54e f i water.obj
 0001:0002e54e       ??1?$vector@Unormal@@@@QAE@XZ 0042f54e f i normal.obj
 0001:0002e54e       ??1?$vector@Uteamscore@fpsserver@@@@QAE@XZ 0042f54e f i fps.obj
 0001:0002e54e       ??1?$vector@Uvotecount@fpsserver@@@@QAE@XZ 0042f54e f i fps.obj
 0001:0002e54e       ??1?$vector@E@@QAE@XZ      0042f54e f i crypto.obj
 0001:0002e54e       ??1?$vector@Utriangle@tristrip@@@@QAE@XZ 0042f54e f i rendermodel.obj
 0001:0002e54e       ??1?$vector@H@@QAE@XZ      0042f54e f i lightmap.obj
 0001:0002e54e       ??1?$vector@Uscore@capturestate@fpsclient@@@@QAE@XZ 0042f54e f i fps.obj
 0001:0002e54e       ??1?$vector@UShaderParam@@@@QAE@XZ 0042f54e f i rendergl.obj
 0001:0002e54e       ??1?$vector@Umaterialsurface@@@@QAE@XZ 0042f54e f i octarender.obj
[...]
 0001:0004acd9       ??__Efog@@YAXXZ            0044bcd9 f    CIL library: CIL module
 0001:0004ad01       ??__Efogcolour@@YAXXZ      0044bd01 f    CIL library: CIL module
 0001:0004ad28       ??__Esparklyfix@@YAXXZ     0044bd28 f    CIL library: CIL module
 0001:0004ad4a       ??__Eshowsky@@YAXXZ        0044bd4a f    CIL library: CIL module
 0001:0004ad6b       ??__E__dummy_setfullscreenshader@@YAXXZ 0044bd6b f    CIL library: CIL module
 0001:0004ad88       ??__Ethirdperson@@YAXXZ    0044bd88 f    CIL library: CIL module
 0001:0004ada8       ??__Ethirdpersondistance@@YAXXZ 0044bda8 f    CIL library: CIL module
 0001:0004adcd       ??__Ereflectclip@@YAXXZ    0044bdcd f    CIL library: CIL module
 0001:0004adee       ??__Ereflectmms@@YAXXZ     0044bdee f    CIL library: CIL module
 0001:0004ae10       ??__Ehudgunfov@@YAXXZ      0044be10 f    CIL library: CIL module
 0001:0004ae35       ??__Eanimationinterpolationtime@@YAXXZ 0044be35 f    CIL library: CIL module
 0001:0004ae5d       ??__Edbgts@@YAXXZ          0044be5d f    CIL library: CIL module
 0001:0004ae7d       ??__Etsswap@@YAXXZ         0044be7d f    CIL library: CIL module
 0001:0004ae9e       ??__E__dummy_md2anim@@YAXXZ 0044be9e f    CIL library: CIL module
 0001:0004aebb       ??__E__dummy_md3load@@YAXXZ 0044bebb f    CIL library: CIL module
 0001:0004aed8       ??__E__dummy_md3skin@@YAXXZ 0044bed8 f    CIL library: CIL module
 0001:0004aef5       ??__E__dummy_md3anim@@YAXXZ 0044bef5 f    CIL library: CIL module
 0001:0004af12       ??__E__dummy_md3link@@YAXXZ 0044bf12 f    CIL library: CIL module
 0001:0004af2f       ??__E__dummy_mdlcullface@@YAXXZ 0044bf2f f    CIL library: CIL module
 0001:0004af4c       ??__E__dummy_mdlcollide@@YAXXZ 0044bf4c f    CIL library: CIL module
 0001:0004af69       ??__E__dummy_mdlspec@@YAXXZ 0044bf69 f    CIL library: CIL module
 0001:0004af86       ??__E__dummy_mdlambient@@YAXXZ 0044bf86 f    CIL library: CIL module
 0001:0004afa3       ??__E__dummy_mdlshader@@YAXXZ 0044bfa3 f    CIL library: CIL module
 0001:0004afc0       ??__E__dummy_mdlscale@@YAXXZ 0044bfc0 f    CIL library: CIL module
 0001:0004afdd       ??__E__dummy_mdltrans@@YAXXZ 0044bfdd f    CIL library: CIL module
 0001:0004affa       ??__E__dummy_mdlshadow@@YAXXZ 0044bffa f    CIL library: CIL module
 0001:0004b017       ??__E__dummy_mdlbb@@YAXXZ  0044c017 f    CIL library: CIL module
 0001:0004b034       ??__E__dummy_mdlname@@YAXXZ 0044c034 f    CIL library: CIL module
 0001:0004b051       ??__Emapmodels@@YAXXZ      0044c051 f    CIL library: CIL module
 0001:0004b075       ??__E__dummy_mmodel@@YAXXZ 0044c075 f    CIL library: CIL module
 0001:0004b092       ??__E__dummy_mapmodelcompat@@YAXXZ 0044c092 f    CIL library: CIL module
 0001:0004b0af       ??__E__dummy_mapmodelreset@@YAXXZ 0044c0af f    CIL library: CIL module
 0001:0004b0cc       ??__Emdllookup@@YAXXZ      0044c0cc f    CIL library: CIL module
 0001:0004b10d       ??__Emaxmodelradiusdistance@@YAXXZ 0044c10d f    CIL library: CIL module
 0001:0004b132       ??__Eshowboundingbox@@YAXXZ 0044c132 f    CIL library: CIL module
 0001:0004b152       ??__Eparticlesize@@YAXXZ   0044c152 f    CIL library: CIL module
 0001:0004b177       ??__Emaxparticledistance@@YAXXZ 0044c177 f    CIL library: CIL module
 0001:0004b1a2       ??__Eparticletext@@YAXXZ   0044c1a2 f    CIL library: CIL module
 0001:0004b1c4       ??__E__dummy_loadsky@@YAXXZ 0044c1c4 f    CIL library: CIL module
 0001:0004b1e1       ??__Ewatersubdiv@@YAXXZ    0044c1e1 f    CIL library: CIL module
 0001:0004b203       ??__Ewaterlod@@YAXXZ       0044c203 f    CIL library: CIL module
 0001:0004b225       ??__Ewaterreflect@@YAXXZ   0044c225 f    CIL library: CIL module
 0001:0004b24a       ??__Ewaterrefract@@YAXXZ   0044c24a f    CIL library: CIL module
 0001:0004b26f       ??__Ereflectdist@@YAXXZ    0044c26f f    CIL library: CIL module
 0001:0004b297       ??__Ewaterfog@@YAXXZ       0044c297 f    CIL library: CIL module
 0001:0004b2be       ??__E__dummy_watercolour@@YAXXZ 0044c2be f    CIL library: CIL module
 0001:0004b2db       ??__Ewaterspec@@YAXXZ      0044c2db f    CIL library: CIL module
 0001:0004b302       ??__Ereflections@@YAXXZ    0044c302 f    CIL library: CIL module
 0001:0004b326       ??__Eoqwater@@YAXXZ        0044c326 f    CIL library: CIL module
 0001:0004b347       ??__Ereflectsize@@YAXXZ    0044c347 f    CIL library: CIL module
 0001:0004b36c       ??__Ereflectfps@@YAXXZ     0044c36c f    CIL library: CIL module
 0001:0004b391       ??__Emaxreflect@@YAXXZ     0044c391 f    CIL library: CIL module
 0001:0004b3b3       ??__Emaskreflect@@YAXXZ    0044c3b3 f    CIL library: CIL module
 0001:0004b3d4       ??__Eshowmat@@YAXXZ        0044c3d4 f    CIL library: CIL module
 0001:0004b3f6       ??__Eglassenv@@YAXXZ       0044c3f6 f    CIL library: CIL module
 0001:0004b418       ??__Eoptmats@@YAXXZ        0044c418 f    CIL library: CIL module
 0001:0004b43d       ??__Eenvmapsize@@YAXXZ     0044c43d f    CIL library: CIL module
 0001:0004b462       ??__Eenvmapradius@@YAXXZ   0044c462 f    CIL library: CIL module
 0001:0004b489       ??__Eenvmaps@@YAXXZ        0044c489 f    CIL library: CIL module
 0001:0004b4ad       ??__Eaaenvmap@@YAXXZ       0044c4ad f    CIL library: CIL module
 0001:0004b4ce       ??__E__dummy_push@@YAXXZ   0044c4ce f    CIL library: CIL module
 0001:0004b4eb       ??__E__dummy_pop@@YAXXZ    0044c4eb f    CIL library: CIL module
 0001:0004b508       ??__E__dummy_alias@@YAXXZ  0044c508 f    CIL library: CIL module
 0001:0004b525       ??__Ewordbufs@@YAXXZ       0044c525 f    CIL library: CIL module
 0001:0004b546       ??__E_numargs@@YAXXZ       0044c546 f    CIL library: CIL module
 0001:0004b566       ??__Ecompletefiles@@YAXXZ  0044c566 f    CIL library: CIL module
 0001:0004b5a7       ??__Ecompletions@@YAXXZ    0044c5a7 f    CIL library: CIL module
 0001:0004b5e8       ??__E__dummy_addcomplete@@YAXXZ 0044c5e8 f    CIL library: CIL module
 0001:0004b605       ??__E__dummy_writecfg@@YAXXZ 0044c605 f    CIL library: CIL module
 0001:0004b622       ??__Eicom_if@@YAXXZ        0044c622 f    CIL library: CIL module
 0001:0004b633       ??__Eicom_loop@@YAXXZ      0044c633 f    CIL library: CIL module
 0001:0004b644       ??__Eicom_while@@YAXXZ     0044c644 f    CIL library: CIL module
 0001:0004b655       ??__E__dummy_exec@@YAXXZ   0044c655 f    CIL library: CIL module
 0001:0004b672       ??__E__dummy_concat@@YAXXZ 0044c672 f    CIL library: CIL module
 0001:0004b68f       ??__E__dummy_result@@YAXXZ 0044c68f f    CIL library: CIL module
 0001:0004b6ac       ??__E__dummy_concatword@@YAXXZ 0044c6ac f    CIL library: CIL module
 0001:0004b6c9       ??__E__dummy_format@@YAXXZ 0044c6c9 f    CIL library: CIL module
 0001:0004b6e6       ??__E__dummy_at@@YAXXZ     0044c6e6 f    CIL library: CIL module
 0001:0004b703       ??__E__dummy_listlen@@YAXXZ 0044c703 f    CIL library: CIL module
 0001:0004b720       ??__E__dummy_getalias_@@YAXXZ 0044c720 f    CIL library: CIL module
 0001:0004b73d       ??__E__dummy_add@@YAXXZ    0044c73d f    CIL library: CIL module
 0001:0004b75a       ??__E__dummy_mul@@YAXXZ    0044c75a f    CIL library: CIL module
 0001:0004b777       ??__E__dummy_sub@@YAXXZ    0044c777 f    CIL library: CIL module
 0001:0004b794       ??__E__dummy_divi@@YAXXZ   0044c794 f    CIL library: CIL module
 0001:0004b7b1       ??__E__dummy_mod@@YAXXZ    0044c7b1 f    CIL library: CIL module
 0001:0004b7ce       ??__E__dummy_equal@@YAXXZ  0044c7ce f    CIL library: CIL module
 0001:0004b7eb       ??__E__dummy_nequal@@YAXXZ 0044c7eb f    CIL library: CIL module
 0001:0004b808       ??__E__dummy_lt@@YAXXZ     0044c808 f    CIL library: CIL module
 0001:0004b825       ??__E__dummy_gt@@YAXXZ     0044c825 f    CIL library: CIL module
 0001:0004b842       ??__E__dummy_lte@@YAXXZ    0044c842 f    CIL library: CIL module
 0001:0004b85f       ??__E__dummy_gte@@YAXXZ    0044c85f f    CIL library: CIL module
 0001:0004b87c       ??__E__dummy_xora@@YAXXZ   0044c87c f    CIL library: CIL module
 0001:0004b899       ??__E__dummy_nota@@YAXXZ   0044c899 f    CIL library: CIL module
 0001:0004b8b6       ??__E__dummy_anda@@YAXXZ   0044c8b6 f    CIL library: CIL module
 0001:0004b8d3       ??__E__dummy_ora@@YAXXZ    0044c8d3 f    CIL library: CIL module
 0001:0004b8f0       ??__E__dummy_rndn@@YAXXZ   0044c8f0 f    CIL library: CIL module
 0001:0004b90d       ??__E__dummy_strcmpa@@YAXXZ 0044c90d f    CIL library: CIL module
 0001:0004b92a       ??__Eicom_echo@@YAXXZ      0044c92a f    CIL library: CIL module
 0001:0004b93b       ??__E__dummy_strstra@@YAXXZ 0044c93b f    CIL library: CIL module
 0001:0004b958       ??__Econlines@@YAXXZ       0044c958 f    CIL library: CIL module
 0001:0004b979       ??__E__dummy_setconskip@@YAXXZ 0044c979 f    CIL library: CIL module
 0001:0004b996       ??__E__dummy_toggleconsole@@YAXXZ 0044c996 f    CIL library: CIL module
 0001:0004b9b3       ??__Ekeyms@@YAXXZ          0044c9b3 f    CIL library: CIL module
 0001:0004b9d7       ??__E__dummy_keymap@@YAXXZ 0044c9d7 f    CIL library: CIL module
 0001:0004b9f4       ??__E__dummy_bindnorm@@YAXXZ 0044c9f4 f    CIL library: CIL module
 0001:0004ba11       ??__E__dummy_bindedit@@YAXXZ 0044ca11 f    CIL library: CIL module
 0001:0004ba2e       ??__E__dummy_saycommand@@YAXXZ 0044ca2e f    CIL library: CIL module
 0001:0004ba4b       ??__E__dummy_mapmsg@@YAXXZ 0044ca4b f    CIL library: CIL module
 0001:0004ba68       ??__Evhistory@@YAXXZ       0044ca68 f    CIL library: CIL module
 0001:0004ba89       ??__E__dummy_history@@YAXXZ 0044ca89 f    CIL library: CIL module
 0001:0004baa6       ??__Ereleaseactions@@YAXXZ 0044caa6 f    CIL library: CIL module
 0001:0004bac7       ??__E__dummy_onrelease@@YAXXZ 0044cac7 f    CIL library: CIL module
 0001:0004bae4       ??__E__dummy_screenshot@@YAXXZ 0044cae4 f    CIL library: CIL module
 0001:0004bb01       ??__E__dummy_quit@@YAXXZ   0044cb01 f    CIL library: CIL module
 0001:0004bb1e       ??__Efullscreen@@YAXXZ     0044cb1e f    CIL library: CIL module
 0001:0004bb42       ??__E__dummy_screenres@@YAXXZ 0044cb42 f    CIL library: CIL module
 0001:0004bb5f       ??__Egamma@@YAXXZ          0044cb5f f    CIL library: CIL module
 0001:0004bb87       ??__Egamespeed@@YAXXZ      0044cb87 f    CIL library: CIL module
 0001:0004bbaf       ??__Esleepcmds@@YAXXZ      0044cbaf f    CIL library: CIL module
 0001:0004bbd0       ??__E__dummy_addsleep@@YAXXZ 0044cbd0 f    CIL library: CIL module
 0001:0004bbed       ??__Epaused@@YAXXZ         0044cbed f    CIL library: CIL module
 0001:0004bc11       ??__Emaxfps@@YAXXZ         0044cc11 f    CIL library: CIL module
 0001:0004bc39       ??__Eguis@@YAXXZ           0044cc39 f    CIL library: CIL module
 0001:0004bc51       ??__Eguistack@@YAXXZ       0044cc51 f    CIL library: CIL module
 0001:0004bc72       ??__Eexecutelater@@YAXXZ   0044cc72 f    CIL library: CIL module
 0001:0004bc93       ??__Emenudistance@@YAXXZ   0044cc93 f    CIL library: CIL module
 0001:0004bcb8       ??__E__dummy_newgui@@YAXXZ 0044ccb8 f    CIL library: CIL module
 0001:0004bcd5       ??__E__dummy_guibutton@@YAXXZ 0044ccd5 f    CIL library: CIL module
 0001:0004bcf2       ??__E__dummy_guitext@@YAXXZ 0044ccf2 f    CIL library: CIL module
 0001:0004bd0f       ??__E__dummy_guiservers@@YAXXZ 0044cd0f f    CIL library: CIL module
 0001:0004bd2c       ??__E__dummy_cleargui_@@YAXXZ 0044cd2c f    CIL library: CIL module
 0001:0004bd49       ??__E__dummy_showgui@@YAXXZ 0044cd49 f    CIL library: CIL module
 0001:0004bd66       ??__E__dummy_guilist@@YAXXZ 0044cd66 f    CIL library: CIL module
 0001:0004bd83       ??__E__dummy_guititle@@YAXXZ 0044cd83 f    CIL library: CIL module
 0001:0004bda0       ??__E__dummy_guibar@@YAXXZ 0044cda0 f    CIL library: CIL module
 0001:0004bdbd       ??__E__dummy_guiimage@@YAXXZ 0044cdbd f    CIL library: CIL module
 0001:0004bdda       ??__E__dummy_guislider@@YAXXZ 0044cdda f    CIL library: CIL module
 0001:0004bdf7       ??__E__dummy_guiradio@@YAXXZ 0044cdf7 f    CIL library: CIL module
 0001:0004be14       ??__E__dummy_guicheckbox@@YAXXZ 0044ce14 f    CIL library: CIL module
 0001:0004be31       ??__E__dummy_guitab@@YAXXZ 0044ce31 f    CIL library: CIL module
 0001:0004be4e       ??__Emmcb@@YAXXZ           0044ce4e f    CIL library: CIL module
 0001:0004be81       ??__Esoundvol@@YAXXZ       0044ce81 f    CIL library: CIL module
 0001:0004bea6       ??__Emusicvol@@YAXXZ       0044cea6 f    CIL library: CIL module
 0001:0004bed1       ??__Esoundbufferlen@@YAXXZ 0044ced1 f    CIL library: CIL module
 0001:0004befc       ??__E__dummy_music@@YAXXZ  0044cefc f    CIL library: CIL module
 0001:0004bf19       ??__Esamples@@YAXXZ        0044cf19 f    CIL library: CIL module
 0001:0004bf5a       ??__Esamplevec@@YAXXZ      0044cf5a f    CIL library: CIL module
 0001:0004bf7b       ??__E__dummy_registersound@@YAXXZ 0044cf7b f    CIL library: CIL module
 0001:0004bf98       ??__Estereo@@YAXXZ         0044cf98 f    CIL library: CIL module
 0001:0004bfb9       ??__E__dummy_sound@@YAXXZ  0044cfb9 f    CIL library: CIL module
 0001:0004bfd6       ??__Ereg_fpsgame@@YAXXZ    0044cfd6 f    CIL library: CIL module
 0001:0004c01a       ??__Ereg_rpggame@@YAXXZ    0044d01a f    CIL library: CIL module
 0001:0004c05e       ??__Flightmaps@@YAXXZ      0044d05e f    CIL library: CIL module
 0001:0004c070       ??__Flights2@@YAXXZ        0044d070 f    CIL library: CIL module
 0001:0004c08e       ??__Flights1@@YAXXZ        0044d08e f    CIL library: CIL module
 0001:0004c0ac       ??__Fcompressed@@YAXXZ     0044d0ac f    CIL library: CIL module
 0001:0004c0c4       ??__Flightcache@@YAXXZ     0044d0c4 f    CIL library: CIL module
 0001:0004c0db       ??__Flmtexids@@YAXXZ       0044d0db f    CIL library: CIL module
 0001:0004c0f9       ??__Fnormals@@YAXXZ        0044d0f9 f    CIL library: CIL module
 0001:0004c111       ??__Fcfaces@@YAXXZ         0044d111 f    CIL library: CIL module
 0001:0004c129       ??__Ficom_havesel@@YAXXZ   0044d129 f    CIL library: CIL module
 0001:0004c14e       ??__Fundos@@YAXXZ          0044d14e f    CIL library: CIL module
 0001:0004c16c       ??__Fredos@@YAXXZ          0044d16c f    CIL library: CIL module
 0001:0004c18a       ??__Fverts@@YAXXZ          0044d18a f    CIL library: CIL module
 0001:0004c1a8       ??__Fvbos@@YAXXZ           0044d1a8 f    CIL library: CIL module
 0001:0004c1c0       ??__Fvbodata@@YAXXZ        0044d1c0 f    CIL library: CIL module
 0001:0004c1d4       ??__Fvbovas@@YAXXZ         0044d1d4 f    CIL library: CIL module
 0001:0004c1e8       ??__Fvh@@YAXXZ             0044d1e8 f    CIL library: CIL module
 0001:0004c20d       ??__Fl1@@YAXXZ             0044d20d f    CIL library: CIL module
 0001:0004c218       ??__Fl0@@YAXXZ             0044d218 f    CIL library: CIL module
 0001:0004c223       ??__Fskyfaces@@YAXXZ       0044d223 f    CIL library: CIL module
 0001:0004c237       ??__Fvaroot@@YAXXZ         0044d237 f    CIL library: CIL module
 0001:0004c255       ??__Fvalist@@YAXXZ         0044d255 f    CIL library: CIL module
 0001:0004c273       ??__Fvamms@@YAXXZ          0044d273 f    CIL library: CIL module
 0001:0004c291       ??__Frenderedmms@@YAXXZ    0044d291 f    CIL library: CIL module
 0001:0004c2af       ??__Fdynentcache@@YAXXZ    0044d2af f    CIL library: CIL module
 0001:0004c2c6       ??__Ficom_backward@@YAXXZ  0044d2c6 f    CIL library: CIL module
 0001:0004c2eb       ??__Ficom_forward@@YAXXZ   0044d2eb f    CIL library: CIL module
 0001:0004c310       ??__Ficom_left@@YAXXZ      0044d310 f    CIL library: CIL module
 0001:0004c335       ??__Ficom_right@@YAXXZ     0044d335 f    CIL library: CIL module
 0001:0004c35a       ??__Ficom_jump@@YAXXZ      0044d35a f    CIL library: CIL module
 0001:0004c37f       ??__Ficom_attack@@YAXXZ    0044d37f f    CIL library: CIL module
 0001:0004c3a4       ??__Ftexmru@@YAXXZ         0044d3a4 f    CIL library: CIL module
 0001:0004c3c2       ??__Fentgroup@@YAXXZ       0044d3c2 f    CIL library: CIL module
 0001:0004c3e0       ??__Fentcopybuf@@YAXXZ     0044d3e0 f    CIL library: CIL module
 0001:0004c3fe       ??__Ficom_enthavesel@@YAXXZ 0044d3fe f    CIL library: CIL module
 0001:0004c423       ??__Ficom_entselect@@YAXXZ 0044d423 f    CIL library: CIL module
 0001:0004c448       ??__Ficom_entloop@@YAXXZ   0044d448 f    CIL library: CIL module
 0001:0004c46d       ??__Ficom_insel@@YAXXZ     0044d46d f    CIL library: CIL module
 0001:0004c492       ??__Ficom_entget@@YAXXZ    0044d492 f    CIL library: CIL module
 0001:0004c4b7       ??__Fclients@@YAXXZ        0044d4b7 f    CIL library: CIL module
 0001:0004c4d5       ??__Fresolverthreads@@YAXXZ 0044d4d5 f    CIL library: CIL module
 0001:0004c4f3       ??__Fresolverqueries@@YAXXZ 0044d4f3 f    CIL library: CIL module
 0001:0004c511       ??__Fresolverresults@@YAXXZ 0044d511 f    CIL library: CIL module
 0001:0004c52f       ??__Fservers@@YAXXZ        0044d52f f    CIL library: CIL module
 0001:0004c541       ??__F?lists@gui@@2U?$vector@Ulist@gui@@@@A@@YAXXZ 0044d541 f    CIL library: CIL module
 0001:0004c55f       ??__Fguis@@YAXXZ           0044d55f f    CIL library: CIL module
 0001:0004c571       ??__Fspheres@@YAXXZ        0044d571 f    CIL library: CIL module
 0001:0004c58f       ??__Fshaders@@YAXXZ        0044d58f f    CIL library: CIL module
 0001:0004c5a7       ??__Fcurparams@@YAXXZ      0044d5a7 f    CIL library: CIL module
 0001:0004c5c5       ??__Ftextures@@YAXXZ       0044d5c5 f    CIL library: CIL module
 0001:0004c5dd       ??__Fslots@@YAXXZ          0044d5dd f    CIL library: CIL module
 0001:0004c5ef       ??__Fmaterialslots@@YAXXZ  0044d5ef f    CIL library: CIL module
 0001:0004c603       ??__Fmapmodels@@YAXXZ      0044d603 f    CIL library: CIL module
 0001:0004c621       ??__Fmdllookup@@YAXXZ      0044d621 f    CIL library: CIL module
 0001:0004c639       ??__Freflections@@YAXXZ    0044d639 f    CIL library: CIL module
 0001:0004c64d       ??__Fenvmaps@@YAXXZ        0044d64d f    CIL library: CIL module
 0001:0004c66b       ??__Fwordbufs@@YAXXZ       0044d66b f    CIL library: CIL module
 0001:0004c699       ??__Fcompletefiles@@YAXXZ  0044d699 f    CIL library: CIL module
 0001:0004c6b1       ??__Fcompletions@@YAXXZ    0044d6b1 f    CIL library: CIL module
 0001:0004c6c9       ??__Ficom_if@@YAXXZ        0044d6c9 f    CIL library: CIL module
 0001:0004c6ee       ??__Ficom_loop@@YAXXZ      0044d6ee f    CIL library: CIL module
 0001:0004c713       ??__Ficom_while@@YAXXZ     0044d713 f    CIL library: CIL module
 0001:0004c738       ??__Ficom_echo@@YAXXZ      0044d738 f    CIL library: CIL module
 0001:0004c75d       ??__Fconlines@@YAXXZ       0044d75d f    CIL library: CIL module
 0001:0004c77b       ??__Fkeyms@@YAXXZ          0044d77b f    CIL library: CIL module
 0001:0004c78d       ??__Fvhistory@@YAXXZ       0044d78d f    CIL library: CIL module
 0001:0004c7ab       ??__Freleaseactions@@YAXXZ 0044d7ab f    CIL library: CIL module
 0001:0004c7c9       ??__Fsleepcmds@@YAXXZ      0044d7c9 f    CIL library: CIL module
 0001:0004c7e7       ??__Fguis@@YAXXZ           0044d7e7 f    CIL library: CIL module
 0001:0004c7ff       ??__Fguistack@@YAXXZ       0044d7ff f    CIL library: CIL module
 0001:0004c81d       ??__Fexecutelater@@YAXXZ   0044d81d f    CIL library: CIL module
 0001:0004c83b       ??__Fmmcb@@YAXXZ           0044d83b f    CIL library: CIL module
 0001:0004c860       ??__Fsamples@@YAXXZ        0044d860 f    CIL library: CIL module
 0001:0004c878       ??__Fsamplevec@@YAXXZ      0044d878 f    CIL library: CIL module
 0001:0004c896       ??__Freg_fpsgame@@YAXXZ    0044d896 f    CIL library: CIL module
 0001:0004c8bb       ??__Freg_rpggame@@YAXXZ    0044d8bb f    CIL library: CIL module
